Archive member included to satisfy reference by file (symbol)

c:/program files (x86)/gnu arm embedded toolchain/10 2020-q4-major/bin/../lib/gcc/arm-none-eabi/10.2.1/../../../../arm-none-eabi/lib/thumb/v7e-m+fp/hard\libc_nano.a(lib_a-exit.o)
                              c:/program files (x86)/gnu arm embedded toolchain/10 2020-q4-major/bin/../lib/gcc/arm-none-eabi/10.2.1/../../../../arm-none-eabi/lib/thumb/v7e-m+fp/hard/crt0.o (exit)
c:/program files (x86)/gnu arm embedded toolchain/10 2020-q4-major/bin/../lib/gcc/arm-none-eabi/10.2.1/../../../../arm-none-eabi/lib/thumb/v7e-m+fp/hard\libc_nano.a(lib_a-impure.o)
                              c:/program files (x86)/gnu arm embedded toolchain/10 2020-q4-major/bin/../lib/gcc/arm-none-eabi/10.2.1/../../../../arm-none-eabi/lib/thumb/v7e-m+fp/hard\libc_nano.a(lib_a-exit.o) (_global_impure_ptr)
c:/program files (x86)/gnu arm embedded toolchain/10 2020-q4-major/bin/../lib/gcc/arm-none-eabi/10.2.1/../../../../arm-none-eabi/lib/thumb/v7e-m+fp/hard\libc_nano.a(lib_a-init.o)
                              c:/program files (x86)/gnu arm embedded toolchain/10 2020-q4-major/bin/../lib/gcc/arm-none-eabi/10.2.1/../../../../arm-none-eabi/lib/thumb/v7e-m+fp/hard/crt0.o (__libc_init_array)
c:/program files (x86)/gnu arm embedded toolchain/10 2020-q4-major/bin/../lib/gcc/arm-none-eabi/10.2.1/../../../../arm-none-eabi/lib/thumb/v7e-m+fp/hard\libc_nano.a(lib_a-malloc.o)
                              build/usbh_cdc.o (malloc)
c:/program files (x86)/gnu arm embedded toolchain/10 2020-q4-major/bin/../lib/gcc/arm-none-eabi/10.2.1/../../../../arm-none-eabi/lib/thumb/v7e-m+fp/hard\libc_nano.a(lib_a-memset.o)
                              c:/program files (x86)/gnu arm embedded toolchain/10 2020-q4-major/bin/../lib/gcc/arm-none-eabi/10.2.1/../../../../arm-none-eabi/lib/thumb/v7e-m+fp/hard/crt0.o (memset)
c:/program files (x86)/gnu arm embedded toolchain/10 2020-q4-major/bin/../lib/gcc/arm-none-eabi/10.2.1/../../../../arm-none-eabi/lib/thumb/v7e-m+fp/hard\libc_nano.a(lib_a-nano-freer.o)
                              c:/program files (x86)/gnu arm embedded toolchain/10 2020-q4-major/bin/../lib/gcc/arm-none-eabi/10.2.1/../../../../arm-none-eabi/lib/thumb/v7e-m+fp/hard\libc_nano.a(lib_a-malloc.o) (_free_r)
c:/program files (x86)/gnu arm embedded toolchain/10 2020-q4-major/bin/../lib/gcc/arm-none-eabi/10.2.1/../../../../arm-none-eabi/lib/thumb/v7e-m+fp/hard\libc_nano.a(lib_a-nano-mallocr.o)
                              c:/program files (x86)/gnu arm embedded toolchain/10 2020-q4-major/bin/../lib/gcc/arm-none-eabi/10.2.1/../../../../arm-none-eabi/lib/thumb/v7e-m+fp/hard\libc_nano.a(lib_a-malloc.o) (_malloc_r)
c:/program files (x86)/gnu arm embedded toolchain/10 2020-q4-major/bin/../lib/gcc/arm-none-eabi/10.2.1/../../../../arm-none-eabi/lib/thumb/v7e-m+fp/hard\libc_nano.a(lib_a-sbrkr.o)
                              c:/program files (x86)/gnu arm embedded toolchain/10 2020-q4-major/bin/../lib/gcc/arm-none-eabi/10.2.1/../../../../arm-none-eabi/lib/thumb/v7e-m+fp/hard\libc_nano.a(lib_a-nano-mallocr.o) (_sbrk_r)
c:/program files (x86)/gnu arm embedded toolchain/10 2020-q4-major/bin/../lib/gcc/arm-none-eabi/10.2.1/../../../../arm-none-eabi/lib/thumb/v7e-m+fp/hard\libc_nano.a(lib_a-mlock.o)
                              c:/program files (x86)/gnu arm embedded toolchain/10 2020-q4-major/bin/../lib/gcc/arm-none-eabi/10.2.1/../../../../arm-none-eabi/lib/thumb/v7e-m+fp/hard\libc_nano.a(lib_a-nano-freer.o) (__malloc_lock)
c:/program files (x86)/gnu arm embedded toolchain/10 2020-q4-major/bin/../lib/gcc/arm-none-eabi/10.2.1/../../../../arm-none-eabi/lib/thumb/v7e-m+fp/hard\libc_nano.a(lib_a-reent.o)
                              c:/program files (x86)/gnu arm embedded toolchain/10 2020-q4-major/bin/../lib/gcc/arm-none-eabi/10.2.1/../../../../arm-none-eabi/lib/thumb/v7e-m+fp/hard\libc_nano.a(lib_a-sbrkr.o) (errno)
c:/program files (x86)/gnu arm embedded toolchain/10 2020-q4-major/bin/../lib/gcc/arm-none-eabi/10.2.1/../../../../arm-none-eabi/lib/thumb/v7e-m+fp/hard\libc_nano.a(lib_a-lock.o)
                              c:/program files (x86)/gnu arm embedded toolchain/10 2020-q4-major/bin/../lib/gcc/arm-none-eabi/10.2.1/../../../../arm-none-eabi/lib/thumb/v7e-m+fp/hard\libc_nano.a(lib_a-mlock.o) (__retarget_lock_acquire_recursive)
c:/program files (x86)/gnu arm embedded toolchain/10 2020-q4-major/bin/../lib/gcc/arm-none-eabi/10.2.1/../../../../arm-none-eabi/lib/thumb/v7e-m+fp/hard\libnosys.a(sbrk.o)
                              c:/program files (x86)/gnu arm embedded toolchain/10 2020-q4-major/bin/../lib/gcc/arm-none-eabi/10.2.1/../../../../arm-none-eabi/lib/thumb/v7e-m+fp/hard\libc_nano.a(lib_a-sbrkr.o) (_sbrk)
c:/program files (x86)/gnu arm embedded toolchain/10 2020-q4-major/bin/../lib/gcc/arm-none-eabi/10.2.1/../../../../arm-none-eabi/lib/thumb/v7e-m+fp/hard\libnosys.a(_exit.o)
[...]
Memory Configuration

Name             Origin             Length             Attributes
RAM              0x20000000         0x00020000         xrw
CCMRAM           0x10000000         0x00010000         xrw
FLASH            0x08000000         0x00100000         xr
*default*        0x00000000         0xffffffff

Linker script and memory map

LOAD c:/program files (x86)/gnu arm embedded toolchain/10 2020-q4-major/bin/../lib/gcc/arm-none-eabi/10.2.1/thumb/v7e-m+fp/hard/crti.o
LOAD c:/program files (x86)/gnu arm embedded toolchain/10 2020-q4-major/bin/../lib/gcc/arm-none-eabi/10.2.1/thumb/v7e-m+fp/hard/crtbegin.o
LOAD c:/program files (x86)/gnu arm embedded toolchain/10 2020-q4-major/bin/../lib/gcc/arm-none-eabi/10.2.1/../../../../arm-none-eabi/lib/thumb/v7e-m+fp/hard/crt0.o
LOAD build/main.o
LOAD build/stm32f4xx_it.o
LOAD build/stm32f4xx_hal_msp.o
LOAD build/usb_host.o
LOAD build/usbh_conf.o
LOAD build/usbh_platform.o
LOAD build/stm32f4xx_hal_hcd.o
LOAD build/stm32f4xx_ll_usb.o
LOAD build/stm32f4xx_hal_rcc.o
LOAD build/stm32f4xx_hal_rcc_ex.o
LOAD build/stm32f4xx_hal_flash.o
LOAD build/stm32f4xx_hal_flash_ex.o
LOAD build/stm32f4xx_hal_flash_ramfunc.o
LOAD build/stm32f4xx_hal_gpio.o
LOAD build/stm32f4xx_hal_dma_ex.o
LOAD build/stm32f4xx_hal_dma.o
LOAD build/stm32f4xx_hal_pwr.o
LOAD build/stm32f4xx_hal_pwr_ex.o
LOAD build/stm32f4xx_hal_cortex.o
LOAD build/stm32f4xx_hal.o
LOAD build/stm32f4xx_hal_exti.o
LOAD build/stm32f4xx_hal_i2c.o
LOAD build/stm32f4xx_hal_i2c_ex.o
LOAD build/stm32f4xx_hal_i2s.o
LOAD build/stm32f4xx_hal_i2s_ex.o
LOAD build/stm32f4xx_hal_spi.o
LOAD build/stm32f4xx_hal_tim.o
LOAD build/stm32f4xx_hal_tim_ex.o
LOAD build/system_stm32f4xx.o
LOAD build/usbh_core.o
LOAD build/usbh_ctlreq.o
LOAD build/usbh_ioreq.o
LOAD build/usbh_pipes.o
LOAD build/usbh_cdc.o
LOAD build/startup_stm32f407xx.o
LOAD c:/program files (x86)/gnu arm embedded toolchain/10 2020-q4-major/bin/../lib/gcc/arm-none-eabi/10.2.1/../../../../arm-none-eabi/lib/thumb/v7e-m+fp/hard\libc_nano.a
LOAD c:/program files (x86)/gnu arm embedded toolchain/10 2020-q4-major/bin/../lib/gcc/arm-none-eabi/10.2.1/../../../../arm-none-eabi/lib/thumb/v7e-m+fp/hard\libm.a
LOAD c:/program files (x86)/gnu arm embedded toolchain/10 2020-q4-major/bin/../lib/gcc/arm-none-eabi/10.2.1/../../../../arm-none-eabi/lib/thumb/v7e-m+fp/hard\libnosys.a
START GROUP
LOAD c:/program files (x86)/gnu arm embedded toolchain/10 2020-q4-major/bin/../lib/gcc/arm-none-eabi/10.2.1/thumb/v7e-m+fp/hard\libgcc.a
LOAD c:/program files (x86)/gnu arm embedded toolchain/10 2020-q4-major/bin/../lib/gcc/arm-none-eabi/10.2.1/../../../../arm-none-eabi/lib/thumb/v7e-m+fp/hard\libc_nano.a
END GROUP
START GROUP
LOAD c:/program files (x86)/gnu arm embedded toolchain/10 2020-q4-major/bin/../lib/gcc/arm-none-eabi/10.2.1/thumb/v7e-m+fp/hard\libgcc.a
LOAD c:/program files (x86)/gnu arm embedded toolchain/10 2020-q4-major/bin/../lib/gcc/arm-none-eabi/10.2.1/../../../../arm-none-eabi/lib/thumb/v7e-m+fp/hard\libc_nano.a
END GROUP
LOAD c:/program files (x86)/gnu arm embedded toolchain/10 2020-q4-major/bin/../lib/gcc/arm-none-eabi/10.2.1/thumb/v7e-m+fp/hard/crtend.o
LOAD c:/program files (x86)/gnu arm embedded toolchain/10 2020-q4-major/bin/../lib/gcc/arm-none-eabi/10.2.1/thumb/v7e-m+fp/hard/crtn.o
                0x20020000                _estack = 0x20020000
                0x00000200                _Min_Heap_Size = 0x200
                0x00000400                _Min_Stack_Size = 0x400

.isr_vector     0x08000000      0x188
                0x08000000                . = ALIGN (0x4)
 *(.isr_vector)
 .isr_vector    0x08000000      0x188 build/startup_stm32f407xx.o
                0x08000000                g_pfnVectors
                0x08000188                . = ALIGN (0x4)

.text           0x08000188     0x46dc
                0x08000188                . = ALIGN (0x4)
 *(.text)
 .text          0x08000188       0x40 c:/program files (x86)/gnu arm embedded toolchain/10 2020-q4-major/bin/../lib/gcc/arm-none-eabi/10.2.1/thumb/v7e-m+fp/hard/crtbegin.o
 .text          0x080001c8       0x30 c:/program files (x86)/gnu arm embedded toolchain/10 2020-q4-major/bin/../lib/gcc/arm-none-eabi/10.2.1/thumb/v7e-m+fp/hard\libgcc.a(_aeabi_uldivmod.o)
                0x080001c8                __aeabi_uldivmod
 .text          0x080001f8      0x2d0 c:/program files (x86)/gnu arm embedded toolchain/10 2020-q4-major/bin/../lib/gcc/arm-none-eabi/10.2.1/thumb/v7e-m+fp/hard\libgcc.a(_udivmoddi4.o)
                0x080001f8                __udivmoddi4
 .text          0x080004c8        0x4 c:/program files (x86)/gnu arm embedded toolchain/10 2020-q4-major/bin/../lib/gcc/arm-none-eabi/10.2.1/thumb/v7e-m+fp/hard\libgcc.a(_dvmd_tls.o)
                0x080004c8                __aeabi_idiv0
                0x080004c8                __aeabi_ldiv0
 *(.text*)
 .text.MX_GPIO_Init
                0x080004cc      0x18c build/main.o
 .text.Error_Handler
                0x08000658        0x4 build/main.o
                0x08000658                Error_Handler
 .text.MX_I2C1_Init
                0x0800065c       0x38 build/main.o
 .text.MX_I2S3_Init
                0x08000694       0x38 build/main.o
 .text.MX_SPI1_Init
                0x080006cc       0x40 build/main.o
 .text.SystemClock_Config
                0x0800070c       0xcc build/main.o
                0x0800070c                SystemClock_Config
 .text.main     0x080007d8       0x3c build/main.o
                0x080007d8                main
 .text.NMI_Handler
                0x08000814        0x2 build/stm32f4xx_it.o
                0x08000814                NMI_Handler
 .text.HardFault_Handler
                0x08000816        0x2 build/stm32f4xx_it.o
                0x08000816                HardFault_Handler
 .text.MemManage_Handler
                0x08000818        0x2 build/stm32f4xx_it.o
                0x08000818                MemManage_Handler
 .text.BusFault_Handler
                0x0800081a        0x2 build/stm32f4xx_it.o
                0x0800081a                BusFault_Handler
 .text.UsageFault_Handler
                0x0800081c        0x2 build/stm32f4xx_it.o
                0x0800081c                UsageFault_Handler
 .text.SVC_Handler
                0x0800081e        0x2 build/stm32f4xx_it.o
                0x0800081e                SVC_Handler
 .text.DebugMon_Handler
                0x08000820        0x2 build/stm32f4xx_it.o
                0x08000820                DebugMon_Handler
 .text.PendSV_Handler
                0x08000822        0x2 build/stm32f4xx_it.o
                0x08000822                PendSV_Handler
 .text.SysTick_Handler
                0x08000824        0x8 build/stm32f4xx_it.o
                0x08000824                SysTick_Handler
 .text.OTG_FS_IRQHandler
                0x0800082c       0x10 build/stm32f4xx_it.o
                0x0800082c                OTG_FS_IRQHandler
 .text.HAL_MspInit
                0x0800083c       0x40 build/stm32f4xx_hal_msp.o
                0x0800083c                HAL_MspInit
 .text.HAL_I2C_MspInit
                0x0800087c       0x70 build/stm32f4xx_hal_msp.o
                0x0800087c                HAL_I2C_MspInit
 .text.HAL_I2S_MspInit
                0x080008ec       0x98 build/stm32f4xx_hal_msp.o
                0x080008ec                HAL_I2S_MspInit
 .text.HAL_SPI_MspInit
                0x08000984       0x6c build/stm32f4xx_hal_msp.o
                0x08000984                HAL_SPI_MspInit
 .text.USBH_UserProcess
                0x080009f0       0x2c build/usb_host.o
 .text.MX_USB_HOST_Init
                0x08000a1c       0x40 build/usb_host.o
                0x08000a1c                MX_USB_HOST_Init
 .text.MX_USB_HOST_Process
                0x08000a5c       0x10 build/usb_host.o
                0x08000a5c                MX_USB_HOST_Process
 .text.HAL_HCD_MspInit
                0x08000a6c       0x94 build/usbh_conf.o
                0x08000a6c                HAL_HCD_MspInit
 .text.HAL_HCD_SOF_Callback
                0x08000b00        0xc build/usbh_conf.o
                0x08000b00                HAL_HCD_SOF_Callback
 .text.HAL_HCD_Connect_Callback
                0x08000b0c        0xc build/usbh_conf.o
                0x08000b0c                HAL_HCD_Connect_Callback
 .text.HAL_HCD_Disconnect_Callback
                0x08000b18        0xc build/usbh_conf.o
                0x08000b18                HAL_HCD_Disconnect_Callback
 .text.HAL_HCD_HC_NotifyURBChange_Callback
                0x08000b24        0x2 build/usbh_conf.o
                0x08000b24                HAL_HCD_HC_NotifyURBChange_Callback
 .text.HAL_HCD_PortEnabled_Callback
                0x08000b26        0xc build/usbh_conf.o
                0x08000b26                HAL_HCD_PortEnabled_Callback
 .text.HAL_HCD_PortDisabled_Callback
                0x08000b32        0xc build/usbh_conf.o
                0x08000b32                HAL_HCD_PortDisabled_Callback
 *fill*         0x08000b3e        0x2 
 .text.USBH_LL_Init
                0x08000b40       0x54 build/usbh_conf.o
                0x08000b40                USBH_LL_Init
 .text.USBH_LL_GetSpeed
                0x08000b94       0x20 build/usbh_conf.o
                0x08000b94                USBH_LL_GetSpeed
 .text.USBH_LL_GetLastXferSize
                0x08000bb4        0xc build/usbh_conf.o
                0x08000bb4                USBH_LL_GetLastXferSize
 .text.USBH_LL_GetURBState
                0x08000bc0        0xc build/usbh_conf.o
                0x08000bc0                USBH_LL_GetURBState
 .text.USBH_LL_DriverVBUS
                0x08000bcc       0x1c build/usbh_conf.o
                0x08000bcc                USBH_LL_DriverVBUS
 .text.USBH_LL_SetToggle
                0x08000be8       0x2a build/usbh_conf.o
                0x08000be8                USBH_LL_SetToggle
 .text.USBH_Delay
                0x08000c12        0x8 build/usbh_conf.o
                0x08000c12                USBH_Delay
 .text.USBH_Get_USB_Status
                0x08000c1a       0x14 build/usbh_conf.o
                0x08000c1a                USBH_Get_USB_Status
 .text.USBH_LL_Start
                0x08000c2e       0x10 build/usbh_conf.o
                0x08000c2e                USBH_LL_Start
 .text.USBH_LL_Stop
                0x08000c3e       0x10 build/usbh_conf.o
                0x08000c3e                USBH_LL_Stop
 .text.USBH_LL_ResetPort
                0x08000c4e       0x10 build/usbh_conf.o
                0x08000c4e                USBH_LL_ResetPort
 .text.USBH_LL_OpenPipe
                0x08000c5e       0x26 build/usbh_conf.o
                0x08000c5e                USBH_LL_OpenPipe
 .text.USBH_LL_ClosePipe
                0x08000c84       0x10 build/usbh_conf.o
                0x08000c84                USBH_LL_ClosePipe
 .text.USBH_LL_SubmitURB
                0x08000c94       0x2a build/usbh_conf.o
                0x08000c94                USBH_LL_SubmitURB
 *fill*         0x08000cbe        0x2 
 .text.MX_DriverVbusFS
                0x08000cc0       0x18 build/usbh_platform.o
                0x08000cc0                MX_DriverVbusFS
 .text.HCD_RXQLVL_IRQHandler
                0x08000cd8       0x9e build/stm32f4xx_hal_hcd.o
 .text.HAL_HCD_HC_Init
                0x08000d76       0x8e build/stm32f4xx_hal_hcd.o
                0x08000d76                HAL_HCD_HC_Init
 .text.HAL_HCD_HC_Halt
                0x08000e04       0x24 build/stm32f4xx_hal_hcd.o
                0x08000e04                HAL_HCD_HC_Halt
 .text.HAL_HCD_Init
                0x08000e28       0xa4 build/stm32f4xx_hal_hcd.o
                0x08000e28                HAL_HCD_Init
 .text.HAL_HCD_HC_SubmitRequest
                0x08000ecc      0x164 build/stm32f4xx_hal_hcd.o
                0x08000ecc                HAL_HCD_HC_SubmitRequest
 .text.HCD_Port_IRQHandler
                0x08001030       0xb0 build/stm32f4xx_hal_hcd.o
 .text.HCD_HC_IN_IRQHandler
                0x080010e0      0x324 build/stm32f4xx_hal_hcd.o
 .text.HCD_HC_OUT_IRQHandler
                0x08001404      0x30a build/stm32f4xx_hal_hcd.o
 .text.HAL_HCD_IRQHandler
                0x0800170e      0x146 build/stm32f4xx_hal_hcd.o
                0x0800170e                HAL_HCD_IRQHandler
 .text.HAL_HCD_Start
                0x08001854       0x2c build/stm32f4xx_hal_hcd.o
                0x08001854                HAL_HCD_Start
 .text.HAL_HCD_Stop
                0x08001880       0x24 build/stm32f4xx_hal_hcd.o
                0x08001880                HAL_HCD_Stop
 .text.HAL_HCD_ResetPort
                0x080018a4        0xa build/stm32f4xx_hal_hcd.o
                0x080018a4                HAL_HCD_ResetPort
 .text.HAL_HCD_HC_GetURBState
                0x080018ae        0xc build/stm32f4xx_hal_hcd.o
                0x080018ae                HAL_HCD_HC_GetURBState
 .text.HAL_HCD_HC_GetXferCount
                0x080018ba        0xa build/stm32f4xx_hal_hcd.o
                0x080018ba                HAL_HCD_HC_GetXferCount
 .text.HAL_HCD_GetCurrentFrame
                0x080018c4        0xa build/stm32f4xx_hal_hcd.o
                0x080018c4                HAL_HCD_GetCurrentFrame
 .text.HAL_HCD_GetCurrentSpeed
                0x080018ce        0xa build/stm32f4xx_hal_hcd.o
                0x080018ce                HAL_HCD_GetCurrentSpeed
 .text.USB_CoreReset
                0x080018d8       0x3c build/stm32f4xx_ll_usb.o
 .text.USB_CoreInit
                0x08001914       0x8a build/stm32f4xx_ll_usb.o
                0x08001914                USB_CoreInit
 .text.USB_EnableGlobalInt
                0x0800199e        0xc build/stm32f4xx_ll_usb.o
                0x0800199e                USB_EnableGlobalInt
 .text.USB_DisableGlobalInt
                0x080019aa        0xc build/stm32f4xx_ll_usb.o
                0x080019aa                USB_DisableGlobalInt
 .text.USB_SetCurrentMode
                0x080019b6       0x30 build/stm32f4xx_ll_usb.o
                0x080019b6                USB_SetCurrentMode
 *fill*         0x080019e6        0x2 
 .text.USB_FlushTxFifo
                0x080019e8       0x28 build/stm32f4xx_ll_usb.o
                0x080019e8                USB_FlushTxFifo
 .text.USB_FlushRxFifo
                0x08001a10       0x24 build/stm32f4xx_ll_usb.o
                0x08001a10                USB_FlushRxFifo
 .text.USB_WritePacket
                0x08001a34       0x2e build/stm32f4xx_ll_usb.o
                0x08001a34                USB_WritePacket
 .text.USB_ReadPacket
                0x08001a62       0x1e build/stm32f4xx_ll_usb.o
                0x08001a62                USB_ReadPacket
 .text.USB_ReadInterrupts
                0x08001a80        0x8 build/stm32f4xx_ll_usb.o
                0x08001a80                USB_ReadInterrupts
 .text.USB_GetMode
                0x08001a88        0x8 build/stm32f4xx_ll_usb.o
                0x08001a88                USB_GetMode
 .text.USB_InitFSLSPClkSel
                0x08001a90       0x3e build/stm32f4xx_ll_usb.o
                0x08001a90                USB_InitFSLSPClkSel
 .text.USB_ResetPort
                0x08001ace       0x3e build/stm32f4xx_ll_usb.o
                0x08001ace                USB_ResetPort
 .text.USB_DriveVbus
                0x08001b0c       0x46 build/stm32f4xx_ll_usb.o
                0x08001b0c                USB_DriveVbus
 *fill*         0x08001b52        0x2 
 .text.USB_HostInit
                0x08001b54       0xfc build/stm32f4xx_ll_usb.o
                0x08001b54                USB_HostInit
 .text.USB_GetHostSpeed
                0x08001c50       0x16 build/stm32f4xx_ll_usb.o
                0x08001c50                USB_GetHostSpeed
 .text.USB_GetCurrentFrame
                0x08001c66        0xa build/stm32f4xx_ll_usb.o
                0x08001c66                USB_GetCurrentFrame
 .text.USB_HC_Init
                0x08001c70      0x11e build/stm32f4xx_ll_usb.o
                0x08001c70                USB_HC_Init
 .text.USB_HC_ReadInterrupt
                0x08001d8e        0xa build/stm32f4xx_ll_usb.o
                0x08001d8e                USB_HC_ReadInterrupt
 .text.USB_HC_Halt
                0x08001d98       0xe4 build/stm32f4xx_ll_usb.o
                0x08001d98                USB_HC_Halt
 .text.USB_DoPing
                0x08001e7c       0x24 build/stm32f4xx_ll_usb.o
                0x08001e7c                USB_DoPing
 .text.USB_HC_StartXfer
                0x08001ea0      0x16c build/stm32f4xx_ll_usb.o
                0x08001ea0                USB_HC_StartXfer
 .text.USB_StopHost
                0x0800200c       0x7c build/stm32f4xx_ll_usb.o
                0x0800200c                USB_StopHost
 .text.HAL_RCC_OscConfig
                0x08002088      0x3f8 build/stm32f4xx_hal_rcc.o
                0x08002088                HAL_RCC_OscConfig
 .text.HAL_RCC_GetSysClockFreq
                0x08002480       0xd4 build/stm32f4xx_hal_rcc.o
                0x08002480                HAL_RCC_GetSysClockFreq
 .text.HAL_RCC_ClockConfig
                0x08002554      0x160 build/stm32f4xx_hal_rcc.o
                0x08002554                HAL_RCC_ClockConfig
 .text.HAL_RCC_GetHCLKFreq
                0x080026b4        0xc build/stm32f4xx_hal_rcc.o
                0x080026b4                HAL_RCC_GetHCLKFreq
 .text.HAL_RCC_GetPCLK1Freq
                0x080026c0       0x20 build/stm32f4xx_hal_rcc.o
                0x080026c0                HAL_RCC_GetPCLK1Freq
 .text.HAL_RCCEx_PeriphCLKConfig
                0x080026e0      0x154 build/stm32f4xx_hal_rcc_ex.o
                0x080026e0                HAL_RCCEx_PeriphCLKConfig
 .text.HAL_RCCEx_GetPeriphCLKFreq
                0x08002834       0x74 build/stm32f4xx_hal_rcc_ex.o
                0x08002834                HAL_RCCEx_GetPeriphCLKFreq
 .text.HAL_GPIO_Init
                0x080028a8      0x1e4 build/stm32f4xx_hal_gpio.o
                0x080028a8                HAL_GPIO_Init
 .text.HAL_GPIO_WritePin
                0x08002a8c        0xc build/stm32f4xx_hal_gpio.o
                0x08002a8c                HAL_GPIO_WritePin
 .text.HAL_GPIO_TogglePin
                0x08002a98       0x12 build/stm32f4xx_hal_gpio.o
                0x08002a98                HAL_GPIO_TogglePin
 *fill*         0x08002aaa        0x2 
 .text.HAL_NVIC_SetPriorityGrouping
                0x08002aac       0x24 build/stm32f4xx_hal_cortex.o
                0x08002aac                HAL_NVIC_SetPriorityGrouping
 .text.HAL_NVIC_SetPriority
                0x08002ad0       0x70 build/stm32f4xx_hal_cortex.o
                0x08002ad0                HAL_NVIC_SetPriority
 .text.HAL_NVIC_EnableIRQ
                0x08002b40       0x1c build/stm32f4xx_hal_cortex.o
                0x08002b40                HAL_NVIC_EnableIRQ
 .text.HAL_SYSTICK_Config
                0x08002b5c       0x28 build/stm32f4xx_hal_cortex.o
                0x08002b5c                HAL_SYSTICK_Config
 .text.HAL_InitTick
                0x08002b84       0x4c build/stm32f4xx_hal.o
                0x08002b84                HAL_InitTick
 .text.HAL_Init
                0x08002bd0       0x34 build/stm32f4xx_hal.o
                0x08002bd0                HAL_Init
 .text.HAL_IncTick
                0x08002c04       0x18 build/stm32f4xx_hal.o
                0x08002c04                HAL_IncTick
 .text.HAL_GetTick
                0x08002c1c        0xc build/stm32f4xx_hal.o
                0x08002c1c                HAL_GetTick
 .text.HAL_Delay
                0x08002c28       0x28 build/stm32f4xx_hal.o
                0x08002c28                HAL_Delay
 .text.HAL_I2C_Init
                0x08002c50      0x1bc build/stm32f4xx_hal_i2c.o
                0x08002c50                HAL_I2C_Init
 .text.HAL_I2S_Init
                0x08002e0c      0x19c build/stm32f4xx_hal_i2s.o
                0x08002e0c                HAL_I2S_Init
 .text.HAL_I2S_TxCpltCallback
                0x08002fa8        0x2 build/stm32f4xx_hal_i2s.o
                0x08002fa8                HAL_I2S_TxCpltCallback
 .text.I2S_Transmit_IT
                0x08002faa       0x38 build/stm32f4xx_hal_i2s.o
 .text.HAL_I2S_RxCpltCallback
                0x08002fe2        0x2 build/stm32f4xx_hal_i2s.o
                0x08002fe2                HAL_I2S_RxCpltCallback
 .text.I2S_Receive_IT
                0x08002fe4       0x38 build/stm32f4xx_hal_i2s.o
 .text.HAL_I2S_ErrorCallback
                0x0800301c        0x2 build/stm32f4xx_hal_i2s.o
                0x0800301c                HAL_I2S_ErrorCallback
 .text.I2S_IRQHandler
                0x0800301e       0xd0 build/stm32f4xx_hal_i2s.o
 .text.HAL_I2SEx_TxRxCpltCallback
                0x080030ee        0x2 build/stm32f4xx_hal_i2s_ex.o
                0x080030ee                HAL_I2SEx_TxRxCpltCallback
 .text.I2SEx_TxISR_I2S
                0x080030f0       0x3c build/stm32f4xx_hal_i2s_ex.o
 .text.I2SEx_RxISR_I2SExt
                0x0800312c       0x64 build/stm32f4xx_hal_i2s_ex.o
 .text.I2SEx_TxISR_I2SExt
                0x08003190       0x64 build/stm32f4xx_hal_i2s_ex.o
 .text.I2SEx_RxISR_I2S
                0x080031f4       0x3c build/stm32f4xx_hal_i2s_ex.o
 .text.HAL_I2SEx_FullDuplex_IRQHandler
                0x08003230      0x1d8 build/stm32f4xx_hal_i2s_ex.o
                0x08003230                HAL_I2SEx_FullDuplex_IRQHandler
 .text.HAL_SPI_Init
                0x08003408       0xbe build/stm32f4xx_hal_spi.o
                0x08003408                HAL_SPI_Init
 *fill*         0x080034c6        0x2 
 .text.SystemInit
                0x080034c8       0x14 build/system_stm32f4xx.o
                0x080034c8                SystemInit
 .text.DeInitStateMachine
                0x080034dc       0x62 build/usbh_core.o
 .text.USBH_HandleSof
                0x0800353e       0x1a build/usbh_core.o
 .text.USBH_HandleEnum
                0x08003558      0x26e build/usbh_core.o
 .text.USBH_Init
                0x080037c6       0x3e build/usbh_core.o
                0x080037c6                USBH_Init
 .text.USBH_RegisterClass
                0x08003804       0x22 build/usbh_core.o
                0x08003804                USBH_RegisterClass
 .text.USBH_SelectInterface
                0x08003826       0x14 build/usbh_core.o
                0x08003826                USBH_SelectInterface
 .text.USBH_FindInterface
                0x0800383a       0x54 build/usbh_core.o
                0x0800383a                USBH_FindInterface
 .text.USBH_Start
                0x0800388e       0x14 build/usbh_core.o
                0x0800388e                USBH_Start
 .text.USBH_Process
                0x080038a2      0x276 build/usbh_core.o
                0x080038a2                USBH_Process
 .text.USBH_LL_SetTimer
                0x08003b18        0x6 build/usbh_core.o
                0x08003b18                USBH_LL_SetTimer
 .text.USBH_LL_IncTimer
                0x08003b1e       0x12 build/usbh_core.o
                0x08003b1e                USBH_LL_IncTimer
 .text.USBH_LL_PortEnabled
                0x08003b30        0x8 build/usbh_core.o
                0x08003b30                USBH_LL_PortEnabled
 .text.USBH_LL_PortDisabled
                0x08003b38        0x8 build/usbh_core.o
                0x08003b38                USBH_LL_PortDisabled
 .text.USBH_LL_Connect
                0x08003b40       0x14 build/usbh_core.o
                0x08003b40                USBH_LL_Connect
 .text.USBH_LL_Disconnect
                0x08003b54       0x2c build/usbh_core.o
                0x08003b54                USBH_LL_Disconnect
 .text.USBH_ParseDevDesc
                0x08003b80       0x58 build/usbh_ctlreq.o
 .text.USBH_ParseInterfaceDesc
                0x08003bd8       0x26 build/usbh_ctlreq.o
 .text.USBH_ParseEPDesc
                0x08003bfe       0x20 build/usbh_ctlreq.o
 .text.USBH_ParseStringDesc
                0x08003c1e       0x32 build/usbh_ctlreq.o
 .text.USBH_HandleControl
                0x08003c50      0x1d8 build/usbh_ctlreq.o
 .text.USBH_GetNextDesc
                0x08003e28        0xe build/usbh_ctlreq.o
                0x08003e28                USBH_GetNextDesc
 .text.USBH_ParseCfgDesc
                0x08003e36       0xc2 build/usbh_ctlreq.o
 .text.USBH_CtlReq
                0x08003ef8       0x40 build/usbh_ctlreq.o
                0x08003ef8                USBH_CtlReq
 .text.USBH_GetDescriptor
                0x08003f38       0x42 build/usbh_ctlreq.o
                0x08003f38                USBH_GetDescriptor
 .text.USBH_Get_DevDesc
                0x08003f7a       0x32 build/usbh_ctlreq.o
                0x08003f7a                USBH_Get_DevDesc
 .text.USBH_Get_CfgDesc
                0x08003fac       0x32 build/usbh_ctlreq.o
                0x08003fac                USBH_Get_CfgDesc
 .text.USBH_Get_StringDesc
                0x08003fde       0x30 build/usbh_ctlreq.o
                0x08003fde                USBH_Get_StringDesc
 .text.USBH_SetAddress
                0x0800400e       0x22 build/usbh_ctlreq.o
                0x0800400e                USBH_SetAddress
 .text.USBH_SetCfg
                0x08004030       0x22 build/usbh_ctlreq.o
                0x08004030                USBH_SetCfg
 .text.USBH_SetFeature
                0x08004052       0x22 build/usbh_ctlreq.o
                0x08004052                USBH_SetFeature
 .text.USBH_ClrFeature
                0x08004074       0x24 build/usbh_ctlreq.o
                0x08004074                USBH_ClrFeature
 .text.USBH_CtlSendSetup
                0x08004098       0x22 build/usbh_ioreq.o
                0x08004098                USBH_CtlSendSetup
 .text.USBH_CtlSendData
                0x080040ba       0x2c build/usbh_ioreq.o
                0x080040ba                USBH_CtlSendData
 .text.USBH_CtlReceiveData
                0x080040e6       0x20 build/usbh_ioreq.o
                0x080040e6                USBH_CtlReceiveData
 .text.USBH_BulkSendData
                0x08004106       0x2c build/usbh_ioreq.o
                0x08004106                USBH_BulkSendData
 .text.USBH_BulkReceiveData
                0x08004132       0x20 build/usbh_ioreq.o
                0x08004132                USBH_BulkReceiveData
 .text.USBH_GetFreePipe
                0x08004152       0x26 build/usbh_pipes.o
 .text.USBH_OpenPipe
                0x08004178       0x20 build/usbh_pipes.o
                0x08004178                USBH_OpenPipe
 .text.USBH_ClosePipe
                0x08004198        0xa build/usbh_pipes.o
                0x08004198                USBH_ClosePipe
 .text.USBH_AllocPipe
                0x080041a2       0x26 build/usbh_pipes.o
                0x080041a2                USBH_AllocPipe
 .text.USBH_FreePipe
                0x080041c8       0x16 build/usbh_pipes.o
                0x080041c8                USBH_FreePipe
 .text.USBH_CDC_SOFProcess
                0x080041de        0x4 build/usbh_cdc.o
 .text.SetLineCoding
                0x080041e2       0x1a build/usbh_cdc.o
 .text.GetLineCoding
                0x080041fc       0x1a build/usbh_cdc.o
 .text.USBH_CDC_ClassRequest
                0x08004216       0x22 build/usbh_cdc.o
 .text.USBH_CDC_InterfaceDeInit
                0x08004238       0x68 build/usbh_cdc.o
 .text.USBH_CDC_InterfaceInit
                0x080042a0      0x186 build/usbh_cdc.o
 .text.USBH_CDC_TransmitCallback
                0x08004426        0x2 build/usbh_cdc.o
                0x08004426                USBH_CDC_TransmitCallback
 .text.CDC_ProcessTransmission
                0x08004428       0x94 build/usbh_cdc.o
 .text.USBH_CDC_ReceiveCallback
                0x080044bc        0x2 build/usbh_cdc.o
                0x080044bc                USBH_CDC_ReceiveCallback
 .text.CDC_ProcessReception
                0x080044be       0x68 build/usbh_cdc.o
 .text.USBH_CDC_LineCodingChanged
                0x08004526        0x2 build/usbh_cdc.o
                0x08004526                USBH_CDC_LineCodingChanged
 .text.USBH_CDC_Process
                0x08004528       0xb2 build/usbh_cdc.o
 *fill*         0x080045da        0x2 
 .text.Reset_Handler
                0x080045dc       0x50 build/startup_stm32f407xx.o
                0x080045dc                Reset_Handler
 .text.Default_Handler
                0x0800462c        0x2 build/startup_stm32f407xx.o
                0x0800462c                RTC_Alarm_IRQHandler
                0x0800462c                HASH_RNG_IRQHandler
                0x0800462c                EXTI2_IRQHandler
                0x0800462c                TIM8_CC_IRQHandler
                0x0800462c                TIM1_CC_IRQHandler
                0x0800462c                DMA2_Stream5_IRQHandler
                0x0800462c                DMA1_Stream5_IRQHandler
                0x0800462c                PVD_IRQHandler
                0x0800462c                SDIO_IRQHandler
                0x0800462c                TAMP_STAMP_IRQHandler
                0x0800462c                CAN2_RX1_IRQHandler
                0x0800462c                EXTI3_IRQHandler
                0x0800462c                TIM8_TRG_COM_TIM14_IRQHandler
                0x0800462c                TIM1_UP_TIM10_IRQHandler
                0x0800462c                TIM8_UP_TIM13_IRQHandler
                0x0800462c                I2C3_ER_IRQHandler
                0x0800462c                EXTI0_IRQHandler
                0x0800462c                I2C2_EV_IRQHandler
                0x0800462c                DMA1_Stream2_IRQHandler
                0x0800462c                CAN1_RX0_IRQHandler
                0x0800462c                FPU_IRQHandler
                0x0800462c                OTG_HS_WKUP_IRQHandler
                0x0800462c                CAN2_SCE_IRQHandler
                0x0800462c                DMA2_Stream2_IRQHandler
                0x0800462c                SPI1_IRQHandler
                0x0800462c                TIM6_DAC_IRQHandler
                0x0800462c                TIM1_BRK_TIM9_IRQHandler
                0x0800462c                DCMI_IRQHandler
                0x0800462c                CAN2_RX0_IRQHandler
                0x0800462c                DMA2_Stream3_IRQHandler
                0x0800462c                USART6_IRQHandler
                0x0800462c                USART3_IRQHandler
                0x0800462c                CAN1_RX1_IRQHandler
                0x0800462c                UART5_IRQHandler
                0x0800462c                DMA2_Stream0_IRQHandler
                0x0800462c                TIM4_IRQHandler
                0x0800462c                I2C1_EV_IRQHandler
                0x0800462c                DMA1_Stream6_IRQHandler
                0x0800462c                DMA1_Stream1_IRQHandler
                0x0800462c                UART4_IRQHandler
                0x0800462c                TIM3_IRQHandler
                0x0800462c                RCC_IRQHandler
                0x0800462c                TIM8_BRK_TIM12_IRQHandler
                0x0800462c                Default_Handler
                0x0800462c                EXTI15_10_IRQHandler
                0x0800462c                ADC_IRQHandler
                0x0800462c                DMA1_Stream7_IRQHandler
                0x0800462c                TIM7_IRQHandler
                0x0800462c                CAN2_TX_IRQHandler
                0x0800462c                TIM5_IRQHandler
                0x0800462c                DMA2_Stream7_IRQHandler
                0x0800462c                I2C3_EV_IRQHandler
                0x0800462c                EXTI9_5_IRQHandler
                0x0800462c                RTC_WKUP_IRQHandler
                0x0800462c                ETH_WKUP_IRQHandler
                0x0800462c                SPI2_IRQHandler
                0x0800462c                OTG_HS_EP1_IN_IRQHandler
                0x0800462c                DMA1_Stream0_IRQHandler
                0x0800462c                CAN1_TX_IRQHandler
                0x0800462c                EXTI4_IRQHandler
                0x0800462c                FSMC_IRQHandler
                0x0800462c                ETH_IRQHandler
                0x0800462c                OTG_HS_EP1_OUT_IRQHandler
                0x0800462c                WWDG_IRQHandler
                0x0800462c                TIM2_IRQHandler
                0x0800462c                OTG_FS_WKUP_IRQHandler
                0x0800462c                TIM1_TRG_COM_TIM11_IRQHandler
                0x0800462c                OTG_HS_IRQHandler
                0x0800462c                EXTI1_IRQHandler
                0x0800462c                USART2_IRQHandler
                0x0800462c                I2C2_ER_IRQHandler
                0x0800462c                DMA2_Stream1_IRQHandler
                0x0800462c                CAN1_SCE_IRQHandler
                0x0800462c                FLASH_IRQHandler
                0x0800462c                DMA2_Stream4_IRQHandler
                0x0800462c                USART1_IRQHandler
                0x0800462c                SPI3_IRQHandler
                0x0800462c                DMA1_Stream4_IRQHandler
                0x0800462c                I2C1_ER_IRQHandler
                0x0800462c                DMA2_Stream6_IRQHandler
                0x0800462c                DMA1_Stream3_IRQHandler
 *fill*         0x0800462e        0x2 
 .text.__libc_init_array
                0x08004630       0x48 c:/program files (x86)/gnu arm embedded toolchain/10 2020-q4-major/bin/../lib/gcc/arm-none-eabi/10.2.1/../../../../arm-none-eabi/lib/thumb/v7e-m+fp/hard\libc_nano.a(lib_a-init.o)
                0x08004630                __libc_init_array
 .text.malloc   0x08004678       0x10 c:/program files (x86)/gnu arm embedded toolchain/10 2020-q4-major/bin/../lib/gcc/arm-none-eabi/10.2.1/../../../../arm-none-eabi/lib/thumb/v7e-m+fp/hard\libc_nano.a(lib_a-malloc.o)
                0x08004678                malloc
 .text.free     0x08004688       0x10 c:/program files (x86)/gnu arm embedded toolchain/10 2020-q4-major/bin/../lib/gcc/arm-none-eabi/10.2.1/../../../../arm-none-eabi/lib/thumb/v7e-m+fp/hard\libc_nano.a(lib_a-malloc.o)
                0x08004688                free
 .text.memset   0x08004698       0x10 c:/program files (x86)/gnu arm embedded toolchain/10 2020-q4-major/bin/../lib/gcc/arm-none-eabi/10.2.1/../../../../arm-none-eabi/lib/thumb/v7e-m+fp/hard\libc_nano.a(lib_a-memset.o)
                0x08004698                memset
 .text._free_r  0x080046a8       0x98 c:/program files (x86)/gnu arm embedded toolchain/10 2020-q4-major/bin/../lib/gcc/arm-none-eabi/10.2.1/../../../../arm-none-eabi/lib/thumb/v7e-m+fp/hard\libc_nano.a(lib_a-nano-freer.o)
                0x080046a8                _free_r
 .text._malloc_r
                0x08004740       0xb4 c:/program files (x86)/gnu arm embedded toolchain/10 2020-q4-major/bin/../lib/gcc/arm-none-eabi/10.2.1/../../../../arm-none-eabi/lib/thumb/v7e-m+fp/hard\libc_nano.a(lib_a-nano-mallocr.o)
                0x08004740                _malloc_r
 .text._sbrk_r  0x080047f4       0x20 c:/program files (x86)/gnu arm embedded toolchain/10 2020-q4-major/bin/../lib/gcc/arm-none-eabi/10.2.1/../../../../arm-none-eabi/lib/thumb/v7e-m+fp/hard\libc_nano.a(lib_a-sbrkr.o)
                0x080047f4                _sbrk_r
 .text.__malloc_lock
                0x08004814        0xc c:/program files (x86)/gnu arm embedded toolchain/10 2020-q4-major/bin/../lib/gcc/arm-none-eabi/10.2.1/../../../../arm-none-eabi/lib/thumb/v7e-m+fp/hard\libc_nano.a(lib_a-mlock.o)
                0x08004814                __malloc_lock
 .text.__malloc_unlock
                0x08004820        0xc c:/program files (x86)/gnu arm embedded toolchain/10 2020-q4-major/bin/../lib/gcc/arm-none-eabi/10.2.1/../../../../arm-none-eabi/lib/thumb/v7e-m+fp/hard\libc_nano.a(lib_a-mlock.o)
                0x08004820                __malloc_unlock
 .text.__retarget_lock_acquire_recursive
                0x0800482c        0x2 c:/program files (x86)/gnu arm embedded toolchain/10 2020-q4-major/bin/../lib/gcc/arm-none-eabi/10.2.1/../../../../arm-none-eabi/lib/thumb/v7e-m+fp/hard\libc_nano.a(lib_a-lock.o)
                0x0800482c                __retarget_lock_acquire_recursive
 .text.__retarget_lock_release_recursive
                0x0800482e        0x2 c:/program files (x86)/gnu arm embedded toolchain/10 2020-q4-major/bin/../lib/gcc/arm-none-eabi/10.2.1/../../../../arm-none-eabi/lib/thumb/v7e-m+fp/hard\libc_nano.a(lib_a-lock.o)
                0x0800482e                __retarget_lock_release_recursive
 .text._sbrk    0x08004830       0x1c c:/program files (x86)/gnu arm embedded toolchain/10 2020-q4-major/bin/../lib/gcc/arm-none-eabi/10.2.1/../../../../arm-none-eabi/lib/thumb/v7e-m+fp/hard\libnosys.a(sbrk.o)
                0x08004830                _sbrk
 *(.glue_7)
 .glue_7        0x0800484c        0x0 linker stubs
 *(.glue_7t)
 .glue_7t       0x0800484c        0x0 linker stubs
 *(.eh_frame)
 .eh_frame      0x0800484c        0x0 c:/program files (x86)/gnu arm embedded toolchain/10 2020-q4-major/bin/../lib/gcc/arm-none-eabi/10.2.1/thumb/v7e-m+fp/hard/crtbegin.o
 *(.init)
 .init          0x0800484c        0x4 c:/program files (x86)/gnu arm embedded toolchain/10 2020-q4-major/bin/../lib/gcc/arm-none-eabi/10.2.1/thumb/v7e-m+fp/hard/crti.o
                0x0800484c                _init
 .init          0x08004850        0x8 c:/program files (x86)/gnu arm embedded toolchain/10 2020-q4-major/bin/../lib/gcc/arm-none-eabi/10.2.1/thumb/v7e-m+fp/hard/crtn.o
 *(.fini)
 .fini          0x08004858        0x4 c:/program files (x86)/gnu arm embedded toolchain/10 2020-q4-major/bin/../lib/gcc/arm-none-eabi/10.2.1/thumb/v7e-m+fp/hard/crti.o
                0x08004858                _fini
 .fini          0x0800485c        0x8 c:/program files (x86)/gnu arm embedded toolchain/10 2020-q4-major/bin/../lib/gcc/arm-none-eabi/10.2.1/thumb/v7e-m+fp/hard/crtn.o
                0x08004864                . = ALIGN (0x4)
                0x08004864                _etext = .

.vfp11_veneer   0x08004864        0x0
 .vfp11_veneer  0x08004864        0x0 linker stubs

.v4_bx          0x08004864        0x0
 .v4_bx         0x08004864        0x0 linker stubs

.iplt           0x08004864        0x0
 .iplt          0x08004864        0x0 c:/program files (x86)/gnu arm embedded toolchain/10 2020-q4-major/bin/../lib/gcc/arm-none-eabi/10.2.1/thumb/v7e-m+fp/hard/crtbegin.o

.rodata         0x08004864       0x1c
                0x08004864                . = ALIGN (0x4)
 *(.rodata)
 *(.rodata*)
 .rodata.AHBPrescTable
                0x08004864       0x10 build/system_stm32f4xx.o
                0x08004864                AHBPrescTable
 .rodata.APBPrescTable
                0x08004874        0x8 build/system_stm32f4xx.o
                0x08004874                APBPrescTable
 .rodata.str1.4
                0x0800487c        0x4 build/usbh_cdc.o
                0x08004880                . = ALIGN (0x4)

.ARM.extab
 *(.ARM.extab* .gnu.linkonce.armextab.*)

.ARM            0x08004880        0x8
                0x08004880                __exidx_start = .
 *(.ARM.exidx*)
 .ARM.exidx     0x08004880        0x8 c:/program files (x86)/gnu arm embedded toolchain/10 2020-q4-major/bin/../lib/gcc/arm-none-eabi/10.2.1/thumb/v7e-m+fp/hard\libgcc.a(_udivmoddi4.o)
                0x08004888                __exidx_end = .

.rel.dyn        0x08004888        0x0
 .rel.iplt      0x08004888        0x0 c:/program files (x86)/gnu arm embedded toolchain/10 2020-q4-major/bin/../lib/gcc/arm-none-eabi/10.2.1/thumb/v7e-m+fp/hard/crtbegin.o

.preinit_array  0x08004888        0x0
                0x08004888                PROVIDE (__preinit_array_start = .)
 *(.preinit_array*)
                0x08004888                PROVIDE (__preinit_array_end = .)

.init_array     0x08004888        0x4
                0x08004888                PROVIDE (__init_array_start = .)
 *(SORT_BY_NAME(.init_array.*))
 *(.init_array*)
 .init_array    0x08004888        0x4 c:/program files (x86)/gnu arm embedded toolchain/10 2020-q4-major/bin/../lib/gcc/arm-none-eabi/10.2.1/thumb/v7e-m+fp/hard/crtbegin.o
                0x0800488c                PROVIDE (__init_array_end = .)

.fini_array     0x0800488c        0x4
                [!provide]                PROVIDE (__fini_array_start = .)
 *(SORT_BY_NAME(.fini_array.*))
 *(.fini_array*)
 .fini_array    0x0800488c        0x4 c:/program files (x86)/gnu arm embedded toolchain/10 2020-q4-major/bin/../lib/gcc/arm-none-eabi/10.2.1/thumb/v7e-m+fp/hard/crtbegin.o
                [!provide]                PROVIDE (__fini_array_end = .)
                0x08004890                _sidata = LOADADDR (.data)

.data           0x20000000       0x90 load address 0x08004890
                0x20000000                . = ALIGN (0x4)
                0x20000000                _sdata = .
 *(.data)
 *(.data*)
 .data.uwTickFreq
                0x20000000        0x1 build/stm32f4xx_hal.o
                0x20000000                uwTickFreq
 *fill*         0x20000001        0x3 
 .data.uwTickPrio
                0x20000004        0x4 build/stm32f4xx_hal.o
                0x20000004                uwTickPrio
 .data.SystemCoreClock
                0x20000008        0x4 build/system_stm32f4xx.o
                0x20000008                SystemCoreClock
 .data.CDC_Class
                0x2000000c       0x20 build/usbh_cdc.o
                0x2000000c                CDC_Class
 .data._impure_ptr
                0x2000002c        0x4 c:/program files (x86)/gnu arm embedded toolchain/10 2020-q4-major/bin/../lib/gcc/arm-none-eabi/10.2.1/../../../../arm-none-eabi/lib/thumb/v7e-m+fp/hard\libc_nano.a(lib_a-impure.o)
                0x2000002c                _impure_ptr
 .data.impure_data
                0x20000030       0x60 c:/program files (x86)/gnu arm embedded toolchain/10 2020-q4-major/bin/../lib/gcc/arm-none-eabi/10.2.1/../../../../arm-none-eabi/lib/thumb/v7e-m+fp/hard\libc_nano.a(lib_a-impure.o)
                0x20000090                . = ALIGN (0x4)
                0x20000090                _edata = .
                0x08004920                _siccmram = LOADADDR (.ccmram)

.igot.plt       0x20000090        0x0 load address 0x08004920
 .igot.plt      0x20000090        0x0 c:/program files (x86)/gnu arm embedded toolchain/10 2020-q4-major/bin/../lib/gcc/arm-none-eabi/10.2.1/thumb/v7e-m+fp/hard/crtbegin.o

.ccmram         0x10000000        0x0 load address 0x08004920
                0x10000000                . = ALIGN (0x4)
                0x10000000                _sccmram = .
 *(.ccmram)
 *(.ccmram*)
                0x10000000                . = ALIGN (0x4)
                0x10000000                _eccmram = .
                0x10000000                . = ALIGN (0x4)

.bss            0x20000090      0x808
                0x20000090                _sbss = .
                0x20000090                __bss_start__ = _sbss
 *(.bss)
 .bss           0x20000090       0x1c c:/program files (x86)/gnu arm embedded toolchain/10 2020-q4-major/bin/../lib/gcc/arm-none-eabi/10.2.1/thumb/v7e-m+fp/hard/crtbegin.o
 *(.bss*)
 .bss.hi2c1     0x200000ac       0x54 build/main.o
                0x200000ac                hi2c1
 .bss.hi2s3     0x20000100       0x48 build/main.o
                0x20000100                hi2s3
 .bss.hspi1     0x20000148       0x58 build/main.o
                0x20000148                hspi1
 .bss.Appli_state
                0x200001a0        0x1 build/usb_host.o
                0x200001a0                Appli_state
 *fill*         0x200001a1        0x3 
 .bss.hUsbHostFS
                0x200001a4      0x3d8 build/usb_host.o
                0x200001a4                hUsbHostFS
 .bss.hhcd_USB_OTG_FS
                0x2000057c      0x304 build/usbh_conf.o
                0x2000057c                hhcd_USB_OTG_FS
 .bss.uwTick    0x20000880        0x4 build/stm32f4xx_hal.o
                0x20000880                uwTick
 .bss.__malloc_free_list
                0x20000884        0x4 c:/program files (x86)/gnu arm embedded toolchain/10 2020-q4-major/bin/../lib/gcc/arm-none-eabi/10.2.1/../../../../arm-none-eabi/lib/thumb/v7e-m+fp/hard\libc_nano.a(lib_a-nano-mallocr.o)
                0x20000884                __malloc_free_list
 .bss.__malloc_sbrk_start
                0x20000888        0x4 c:/program files (x86)/gnu arm embedded toolchain/10 2020-q4-major/bin/../lib/gcc/arm-none-eabi/10.2.1/../../../../arm-none-eabi/lib/thumb/v7e-m+fp/hard\libc_nano.a(lib_a-nano-mallocr.o)
                0x20000888                __malloc_sbrk_start
 .bss.errno     0x2000088c        0x4 c:/program files (x86)/gnu arm embedded toolchain/10 2020-q4-major/bin/../lib/gcc/arm-none-eabi/10.2.1/../../../../arm-none-eabi/lib/thumb/v7e-m+fp/hard\libc_nano.a(lib_a-reent.o)
                0x2000088c                errno
 .bss.__lock___malloc_recursive_mutex
                0x20000890        0x1 c:/program files (x86)/gnu arm embedded toolchain/10 2020-q4-major/bin/../lib/gcc/arm-none-eabi/10.2.1/../../../../arm-none-eabi/lib/thumb/v7e-m+fp/hard\libc_nano.a(lib_a-lock.o)
                0x20000890                __lock___malloc_recursive_mutex
 *fill*         0x20000891        0x3 
 .bss.heap_end.0
                0x20000894        0x4 c:/program files (x86)/gnu arm embedded toolchain/10 2020-q4-major/bin/../lib/gcc/arm-none-eabi/10.2.1/../../../../arm-none-eabi/lib/thumb/v7e-m+fp/hard\libnosys.a(sbrk.o)
 *(COMMON)
                0x20000898                . = ALIGN (0x4)
                0x20000898                _ebss = .
                0x20000898                __bss_end__ = _ebss

._user_heap_stack
                0x20000898      0x600
                0x20000898                . = ALIGN (0x8)
                0x20000898                PROVIDE (end = .)
                [!provide]                PROVIDE (_end = .)
                0x20000a98                . = (. + _Min_Heap_Size)
 *fill*         0x20000898      0x200 
                0x20000e98                . = (. + _Min_Stack_Size)
 *fill*         0x20000a98      0x400 
                0x20000e98                . = ALIGN (0x8)

/DISCARD/
 libc.a(*)
 libm.a(*)
 libgcc.a(*)

.ARM.attributes
                0x00000000       0x30
 *(.ARM.attributes)
 .ARM.attributes
                0x00000000       0x1e c:/program files (x86)/gnu arm embedded toolchain/10 2020-q4-major/bin/../lib/gcc/arm-none-eabi/10.2.1/thumb/v7e-m+fp/hard/crti.o
 .ARM.attributes
                0x0000001e       0x34 c:/program files (x86)/gnu arm embedded toolchain/10 2020-q4-major/bin/../lib/gcc/arm-none-eabi/10.2.1/thumb/v7e-m+fp/hard/crtbegin.o
 .ARM.attributes
                0x00000052       0x34 build/main.o
 .ARM.attributes
                0x00000086       0x34 build/stm32f4xx_it.o
 .ARM.attributes
                0x000000ba       0x34 build/stm32f4xx_hal_msp.o
 .ARM.attributes
                0x000000ee       0x34 build/usb_host.o
 .ARM.attributes
                0x00000122       0x34 build/usbh_conf.o
 .ARM.attributes
                0x00000156       0x34 build/usbh_platform.o
 .ARM.attributes
                0x0000018a       0x34 build/stm32f4xx_hal_hcd.o
 .ARM.attributes
                0x000001be       0x34 build/stm32f4xx_ll_usb.o
 .ARM.attributes
                0x000001f2       0x34 build/stm32f4xx_hal_rcc.o
 .ARM.attributes
                0x00000226       0x34 build/stm32f4xx_hal_rcc_ex.o
 .ARM.attributes
                0x0000025a       0x34 build/stm32f4xx_hal_gpio.o
 .ARM.attributes
                0x0000028e       0x34 build/stm32f4xx_hal_cortex.o
 .ARM.attributes
                0x000002c2       0x34 build/stm32f4xx_hal.o
 .ARM.attributes
                0x000002f6       0x34 build/stm32f4xx_hal_i2c.o
 .ARM.attributes
                0x0000032a       0x34 build/stm32f4xx_hal_i2s.o
 .ARM.attributes
                0x0000035e       0x34 build/stm32f4xx_hal_i2s_ex.o
 .ARM.attributes
                0x00000392       0x34 build/stm32f4xx_hal_spi.o
 .ARM.attributes
                0x000003c6       0x34 build/system_stm32f4xx.o
 .ARM.attributes
                0x000003fa       0x34 build/usbh_core.o
 .ARM.attributes
                0x0000042e       0x34 build/usbh_ctlreq.o
 .ARM.attributes
                0x00000462       0x34 build/usbh_ioreq.o
 .ARM.attributes
                0x00000496       0x34 build/usbh_pipes.o
 .ARM.attributes
                0x000004ca       0x34 build/usbh_cdc.o
 .ARM.attributes
                0x000004fe       0x21 build/startup_stm32f407xx.o
 .ARM.attributes
                0x0000051f       0x32 c:/program files (x86)/gnu arm embedded toolchain/10 2020-q4-major/bin/../lib/gcc/arm-none-eabi/10.2.1/../../../../arm-none-eabi/lib/thumb/v7e-m+fp/hard\libc_nano.a(lib_a-impure.o)
 .ARM.attributes
                0x00000551       0x34 c:/program files (x86)/gnu arm embedded toolchain/10 2020-q4-major/bin/../lib/gcc/arm-none-eabi/10.2.1/../../../../arm-none-eabi/lib/thumb/v7e-m+fp/hard\libc_nano.a(lib_a-init.o)
 .ARM.attributes
                0x00000585       0x34 c:/program files (x86)/gnu arm embedded toolchain/10 2020-q4-major/bin/../lib/gcc/arm-none-eabi/10.2.1/../../../../arm-none-eabi/lib/thumb/v7e-m+fp/hard\libc_nano.a(lib_a-malloc.o)
 .ARM.attributes
                0x000005b9       0x34 c:/program files (x86)/gnu arm embedded toolchain/10 2020-q4-major/bin/../lib/gcc/arm-none-eabi/10.2.1/../../../../arm-none-eabi/lib/thumb/v7e-m+fp/hard\libc_nano.a(lib_a-memset.o)
 .ARM.attributes
                0x000005ed       0x34 c:/program files (x86)/gnu arm embedded toolchain/10 2020-q4-major/bin/../lib/gcc/arm-none-eabi/10.2.1/../../../../arm-none-eabi/lib/thumb/v7e-m+fp/hard\libc_nano.a(lib_a-nano-freer.o)
 .ARM.attributes
                0x00000621       0x34 c:/program files (x86)/gnu arm embedded toolchain/10 2020-q4-major/bin/../lib/gcc/arm-none-eabi/10.2.1/../../../../arm-none-eabi/lib/thumb/v7e-m+fp/hard\libc_nano.a(lib_a-nano-mallocr.o)
 .ARM.attributes
                0x00000655       0x34 c:/program files (x86)/gnu arm embedded toolchain/10 2020-q4-major/bin/../lib/gcc/arm-none-eabi/10.2.1/../../../../arm-none-eabi/lib/thumb/v7e-m+fp/hard\libc_nano.a(lib_a-sbrkr.o)
 .ARM.attributes
                0x00000689       0x34 c:/program files (x86)/gnu arm embedded toolchain/10 2020-q4-major/bin/../lib/gcc/arm-none-eabi/10.2.1/../../../../arm-none-eabi/lib/thumb/v7e-m+fp/hard\libc_nano.a(lib_a-mlock.o)
 .ARM.attributes
                0x000006bd       0x34 c:/program files (x86)/gnu arm embedded toolchain/10 2020-q4-major/bin/../lib/gcc/arm-none-eabi/10.2.1/../../../../arm-none-eabi/lib/thumb/v7e-m+fp/hard\libc_nano.a(lib_a-reent.o)
 .ARM.attributes
                0x000006f1       0x34 c:/program files (x86)/gnu arm embedded toolchain/10 2020-q4-major/bin/../lib/gcc/arm-none-eabi/10.2.1/../../../../arm-none-eabi/lib/thumb/v7e-m+fp/hard\libc_nano.a(lib_a-lock.o)
 .ARM.attributes
                0x00000725       0x34 c:/program files (x86)/gnu arm embedded toolchain/10 2020-q4-major/bin/../lib/gcc/arm-none-eabi/10.2.1/../../../../arm-none-eabi/lib/thumb/v7e-m+fp/hard\libnosys.a(sbrk.o)
 .ARM.attributes
                0x00000759       0x1e c:/program files (x86)/gnu arm embedded toolchain/10 2020-q4-major/bin/../lib/gcc/arm-none-eabi/10.2.1/thumb/v7e-m+fp/hard\libgcc.a(_aeabi_uldivmod.o)
 .ARM.attributes
                0x00000777       0x34 c:/program files (x86)/gnu arm embedded toolchain/10 2020-q4-major/bin/../lib/gcc/arm-none-eabi/10.2.1/thumb/v7e-m+fp/hard\libgcc.a(_udivmoddi4.o)
 .ARM.attributes
                0x000007ab       0x1e c:/program files (x86)/gnu arm embedded toolchain/10 2020-q4-major/bin/../lib/gcc/arm-none-eabi/10.2.1/thumb/v7e-m+fp/hard\libgcc.a(_dvmd_tls.o)
 .ARM.attributes
                0x000007c9       0x1e c:/program files (x86)/gnu arm embedded toolchain/10 2020-q4-major/bin/../lib/gcc/arm-none-eabi/10.2.1/thumb/v7e-m+fp/hard/crtn.o
OUTPUT(build/stm32_vscode_test.elf elf32-littlearm)
LOAD linker stubs
LOAD c:/program files (x86)/gnu arm embedded toolchain/10 2020-q4-major/bin/../lib/gcc/arm-none-eabi/10.2.1/../../../../arm-none-eabi/lib/thumb/v7e-m+fp/hard\libc.a
LOAD c:/program files (x86)/gnu arm embedded toolchain/10 2020-q4-major/bin/../lib/gcc/arm-none-eabi/10.2.1/../../../../arm-none-eabi/lib/thumb/v7e-m+fp/hard\libm.a
LOAD c:/program files (x86)/gnu arm embedded toolchain/10 2020-q4-major/bin/../lib/gcc/arm-none-eabi/10.2.1/thumb/v7e-m+fp/hard\libgcc.a

.debug_info     0x00000000    0x1af45
 .debug_info    0x00000000     0x1654 build/main.o
 .debug_info    0x00001654      0x72d build/stm32f4xx_it.o
 .debug_info    0x00001d81     0x11f9 build/stm32f4xx_hal_msp.o
 .debug_info    0x00002f7a      0xbbc build/usb_host.o
 .debug_info    0x00003b36     0x2122 build/usbh_conf.o
 .debug_info    0x00005c58      0x212 build/usbh_platform.o
 .debug_info    0x00005e6a     0x1596 build/stm32f4xx_hal_hcd.o
 .debug_info    0x00007400     0x2074 build/stm32f4xx_ll_usb.o
 .debug_info    0x00009474      0xbe6 build/stm32f4xx_hal_rcc.o
 .debug_info    0x0000a05a      0x6f8 build/stm32f4xx_hal_rcc_ex.o
 .debug_info    0x0000a752      0x848 build/stm32f4xx_hal_gpio.o
 .debug_info    0x0000af9a     0x1174 build/stm32f4xx_hal_cortex.o
 .debug_info    0x0000c10e      0xacf build/stm32f4xx_hal.o
 .debug_info    0x0000cbdd     0x3b06 build/stm32f4xx_hal_i2c.o
 .debug_info    0x000106e3     0x12bb build/stm32f4xx_hal_i2s.o
 .debug_info    0x0001199e      0xee6 build/stm32f4xx_hal_i2s_ex.o
 .debug_info    0x00012884     0x2015 build/stm32f4xx_hal_spi.o
 .debug_info    0x00014899      0x5b3 build/system_stm32f4xx.o
 .debug_info    0x00014e4c     0x164c build/usbh_core.o
 .debug_info    0x00016498     0x14ab build/usbh_ctlreq.o
 .debug_info    0x00017943     0x100b build/usbh_ioreq.o
 .debug_info    0x0001894e      0xc55 build/usbh_pipes.o
 .debug_info    0x000195a3     0x1980 build/usbh_cdc.o
 .debug_info    0x0001af23       0x22 build/startup_stm32f407xx.o

.debug_abbrev   0x00000000     0x3922
 .debug_abbrev  0x00000000      0x26c build/main.o
 .debug_abbrev  0x0000026c      0x168 build/stm32f4xx_it.o
 .debug_abbrev  0x000003d4      0x1da build/stm32f4xx_hal_msp.o
 .debug_abbrev  0x000005ae      0x263 build/usb_host.o
 .debug_abbrev  0x00000811      0x380 build/usbh_conf.o
 .debug_abbrev  0x00000b91      0x11f build/usbh_platform.o
 .debug_abbrev  0x00000cb0      0x2b8 build/stm32f4xx_hal_hcd.o
 .debug_abbrev  0x00000f68      0x2f9 build/stm32f4xx_ll_usb.o
 .debug_abbrev  0x00001261      0x2aa build/stm32f4xx_hal_rcc.o
 .debug_abbrev  0x0000150b      0x1a1 build/stm32f4xx_hal_rcc_ex.o
 .debug_abbrev  0x000016ac      0x22b build/stm32f4xx_hal_gpio.o
 .debug_abbrev  0x000018d7      0x382 build/stm32f4xx_hal_cortex.o
 .debug_abbrev  0x00001c59      0x209 build/stm32f4xx_hal.o
 .debug_abbrev  0x00001e62      0x2f3 build/stm32f4xx_hal_i2c.o
 .debug_abbrev  0x00002155      0x274 build/stm32f4xx_hal_i2s.o
 .debug_abbrev  0x000023c9      0x2c0 build/stm32f4xx_hal_i2s_ex.o
 .debug_abbrev  0x00002689      0x2a6 build/stm32f4xx_hal_spi.o
 .debug_abbrev  0x0000292f      0x11b build/system_stm32f4xx.o
 .debug_abbrev  0x00002a4a      0x38b build/usbh_core.o
 .debug_abbrev  0x00002dd5      0x332 build/usbh_ctlreq.o
 .debug_abbrev  0x00003107      0x21e build/usbh_ioreq.o
 .debug_abbrev  0x00003325      0x284 build/usbh_pipes.o
 .debug_abbrev  0x000035a9      0x367 build/usbh_cdc.o
 .debug_abbrev  0x00003910       0x12 build/startup_stm32f407xx.o

.debug_loc      0x00000000    0x12754
 .debug_loc     0x00000000       0xff build/main.o
 .debug_loc     0x000000ff       0x40 build/stm32f4xx_it.o
 .debug_loc     0x0000013f      0x2d3 build/stm32f4xx_hal_msp.o
 .debug_loc     0x00000412       0x40 build/usb_host.o
 .debug_loc     0x00000452      0xba3 build/usbh_conf.o
 .debug_loc     0x00000ff5       0x81 build/usbh_platform.o
 .debug_loc     0x00001076     0x1434 build/stm32f4xx_hal_hcd.o
 .debug_loc     0x000024aa     0x283d build/stm32f4xx_ll_usb.o
 .debug_loc     0x00004ce7      0x6e4 build/stm32f4xx_hal_rcc.o
 .debug_loc     0x000053cb      0x473 build/stm32f4xx_hal_rcc_ex.o
 .debug_loc     0x0000583e      0x5e8 build/stm32f4xx_hal_gpio.o
 .debug_loc     0x00005e26      0x7a4 build/stm32f4xx_hal_cortex.o
 .debug_loc     0x000065ca      0x1e1 build/stm32f4xx_hal.o
 .debug_loc     0x000067ab     0x4d58 build/stm32f4xx_hal_i2c.o
 .debug_loc     0x0000b503     0x1320 build/stm32f4xx_hal_i2s.o
 .debug_loc     0x0000c823      0xc9c build/stm32f4xx_hal_i2s_ex.o
 .debug_loc     0x0000d4bf     0x2501 build/stm32f4xx_hal_spi.o
 .debug_loc     0x0000f9c0      0x158 build/system_stm32f4xx.o
 .debug_loc     0x0000fb18      0xac2 build/usbh_core.o
 .debug_loc     0x000105da      0xebc build/usbh_ctlreq.o
 .debug_loc     0x00011496      0x750 build/usbh_ioreq.o
 .debug_loc     0x00011be6      0x26e build/usbh_pipes.o
 .debug_loc     0x00011e54      0x900 build/usbh_cdc.o

.debug_aranges  0x00000000     0x1078
 .debug_aranges
                0x00000000       0x50 build/main.o
 .debug_aranges
                0x00000050       0x68 build/stm32f4xx_it.o
 .debug_aranges
                0x000000b8       0x50 build/stm32f4xx_hal_msp.o
 .debug_aranges
                0x00000108       0x30 build/usb_host.o
 .debug_aranges
                0x00000138       0xd8 build/usbh_conf.o
 .debug_aranges
                0x00000210       0x20 build/usbh_platform.o
 .debug_aranges
                0x00000230       0xf8 build/stm32f4xx_hal_hcd.o
 .debug_aranges
                0x00000328      0x198 build/stm32f4xx_ll_usb.o
 .debug_aranges
                0x000004c0       0x88 build/stm32f4xx_hal_rcc.o
 .debug_aranges
                0x00000548       0x48 build/stm32f4xx_hal_rcc_ex.o
 .debug_aranges
                0x00000590       0x58 build/stm32f4xx_hal_gpio.o
 .debug_aranges
                0x000005e8       0xa8 build/stm32f4xx_hal_cortex.o
 .debug_aranges
                0x00000690       0xf0 build/stm32f4xx_hal.o
 .debug_aranges
                0x00000780      0x2a0 build/stm32f4xx_hal_i2c.o
 .debug_aranges
                0x00000a20      0x108 build/stm32f4xx_hal_i2s.o
 .debug_aranges
                0x00000b28       0x88 build/stm32f4xx_hal_i2s_ex.o
 .debug_aranges
                0x00000bb0      0x1d0 build/stm32f4xx_hal_spi.o
 .debug_aranges
                0x00000d80       0x28 build/system_stm32f4xx.o
 .debug_aranges
                0x00000da8       0xc0 build/usbh_core.o
 .debug_aranges
                0x00000e68       0xa0 build/usbh_ctlreq.o
 .debug_aranges
                0x00000f08       0x60 build/usbh_ioreq.o
 .debug_aranges
                0x00000f68       0x40 build/usbh_pipes.o
 .debug_aranges
                0x00000fa8       0xa8 build/usbh_cdc.o
 .debug_aranges
                0x00001050       0x28 build/startup_stm32f407xx.o

.debug_ranges   0x00000000      0xfd8
 .debug_ranges  0x00000000       0x40 build/main.o
 .debug_ranges  0x00000040       0x58 build/stm32f4xx_it.o
 .debug_ranges  0x00000098       0x40 build/stm32f4xx_hal_msp.o
 .debug_ranges  0x000000d8       0x20 build/usb_host.o
 .debug_ranges  0x000000f8       0xc8 build/usbh_conf.o
 .debug_ranges  0x000001c0       0x10 build/usbh_platform.o
 .debug_ranges  0x000001d0       0xe8 build/stm32f4xx_hal_hcd.o
 .debug_ranges  0x000002b8      0x188 build/stm32f4xx_ll_usb.o
 .debug_ranges  0x00000440       0x90 build/stm32f4xx_hal_rcc.o
 .debug_ranges  0x000004d0       0x38 build/stm32f4xx_hal_rcc_ex.o
 .debug_ranges  0x00000508       0x48 build/stm32f4xx_hal_gpio.o
 .debug_ranges  0x00000550       0xf8 build/stm32f4xx_hal_cortex.o
 .debug_ranges  0x00000648       0xe0 build/stm32f4xx_hal.o
 .debug_ranges  0x00000728      0x2a8 build/stm32f4xx_hal_i2c.o
 .debug_ranges  0x000009d0      0x128 build/stm32f4xx_hal_i2s.o
 .debug_ranges  0x00000af8       0x90 build/stm32f4xx_hal_i2s_ex.o
 .debug_ranges  0x00000b88      0x1c0 build/stm32f4xx_hal_spi.o
 .debug_ranges  0x00000d48       0x18 build/system_stm32f4xx.o
 .debug_ranges  0x00000d60       0xb0 build/usbh_core.o
 .debug_ranges  0x00000e10       0x90 build/usbh_ctlreq.o
 .debug_ranges  0x00000ea0       0x50 build/usbh_ioreq.o
 .debug_ranges  0x00000ef0       0x30 build/usbh_pipes.o
 .debug_ranges  0x00000f20       0x98 build/usbh_cdc.o
 .debug_ranges  0x00000fb8       0x20 build/startup_stm32f407xx.o

.debug_line     0x00000000    0x13158
 .debug_line    0x00000000      0x6a0 build/main.o
 .debug_line    0x000006a0      0x2ee build/stm32f4xx_it.o
 .debug_line    0x0000098e      0x422 build/stm32f4xx_hal_msp.o
 .debug_line    0x00000db0      0x25f build/usb_host.o
 .debug_line    0x0000100f      0x702 build/usbh_conf.o
 .debug_line    0x00001711      0x1be build/usbh_platform.o
 .debug_line    0x000018cf     0x10bd build/stm32f4xx_hal_hcd.o
 .debug_line    0x0000298c     0x1b6c build/stm32f4xx_ll_usb.o
 .debug_line    0x000044f8      0xb30 build/stm32f4xx_hal_rcc.o
 .debug_line    0x00005028      0x605 build/stm32f4xx_hal_rcc_ex.o
 .debug_line    0x0000562d      0x701 build/stm32f4xx_hal_gpio.o
 .debug_line    0x00005d2e      0x798 build/stm32f4xx_hal_cortex.o
 .debug_line    0x000064c6      0x585 build/stm32f4xx_hal.o
 .debug_line    0x00006a4b     0x5304 build/stm32f4xx_hal_i2c.o
 .debug_line    0x0000bd4f     0x13d0 build/stm32f4xx_hal_i2s.o
 .debug_line    0x0000d11f     0x1138 build/stm32f4xx_hal_i2s_ex.o
 .debug_line    0x0000e257     0x2509 build/stm32f4xx_hal_spi.o
 .debug_line    0x00010760      0x270 build/system_stm32f4xx.o
 .debug_line    0x000109d0      0xd0a build/usbh_core.o
 .debug_line    0x000116da      0xb01 build/usbh_ctlreq.o
 .debug_line    0x000121db      0x2d0 build/usbh_ioreq.o
 .debug_line    0x000124ab      0x284 build/usbh_pipes.o
 .debug_line    0x0001272f      0x9b3 build/usbh_cdc.o
 .debug_line    0x000130e2       0x76 build/startup_stm32f407xx.o

.debug_str      0x00000000     0x5559
 .debug_str     0x00000000      0xd4d build/main.o
                                0xe49 (size before relaxing)
 .debug_str     0x00000d4d      0x447 build/stm32f4xx_it.o
                                0x68c (size before relaxing)
 .debug_str     0x00001194       0xcb build/stm32f4xx_hal_msp.o
                                0xbd1 (size before relaxing)
 .debug_str     0x0000125f      0x846 build/usb_host.o
                                0xab3 (size before relaxing)
 .debug_str     0x00001aa5      0x9d6 build/usbh_conf.o
                               0x193e (size before relaxing)
 .debug_str     0x0000247b       0x33 build/usbh_platform.o
                                0x251 (size before relaxing)
 .debug_str     0x000024ae      0x31b build/stm32f4xx_hal_hcd.o
                                0xb11 (size before relaxing)
 .debug_str     0x000027c9      0x50c build/stm32f4xx_ll_usb.o
                                0xc51 (size before relaxing)
 .debug_str     0x00002cd5      0x225 build/stm32f4xx_hal_rcc.o
                                0x6f9 (size before relaxing)
 .debug_str     0x00002efa       0xf6 build/stm32f4xx_hal_rcc_ex.o
                                0x4ba (size before relaxing)
 .debug_str     0x00002ff0      0x104 build/stm32f4xx_hal_gpio.o
                                0x4d3 (size before relaxing)
 .debug_str     0x000030f4      0x4b1 build/stm32f4xx_hal_cortex.o
                                0xc1f (size before relaxing)
 .debug_str     0x000035a5      0x295 build/stm32f4xx_hal.o
                                0xb4d (size before relaxing)
 .debug_str     0x0000383a      0x8b3 build/stm32f4xx_hal_i2c.o
                               0x1023 (size before relaxing)
 .debug_str     0x000040ed      0x264 build/stm32f4xx_hal_i2s.o
                                0x923 (size before relaxing)
 .debug_str     0x00004351      0x1ee build/stm32f4xx_hal_i2s_ex.o
                                0x864 (size before relaxing)
 .debug_str     0x0000453f      0x4eb build/stm32f4xx_hal_spi.o
                                0xbed (size before relaxing)
 .debug_str     0x00004a2a       0x47 build/system_stm32f4xx.o
                                0x368 (size before relaxing)
 .debug_str     0x00004a71      0x1d0 build/usbh_core.o
                                0xcdd (size before relaxing)
 .debug_str     0x00004c41      0x1ff build/usbh_ctlreq.o
                                0xcb2 (size before relaxing)
 .debug_str     0x00004e40       0xbb build/usbh_ioreq.o
                                0xae6 (size before relaxing)
 .debug_str     0x00004efb       0x64 build/usbh_pipes.o
                                0xa7c (size before relaxing)
 .debug_str     0x00004f5f      0x5d6 build/usbh_cdc.o
                               0x1159 (size before relaxing)
 .debug_str     0x00005535       0x24 build/startup_stm32f407xx.o
                                 0x5d (size before relaxing)

.comment        0x00000000       0x4d
 .comment       0x00000000       0x4d build/main.o
                                 0x4e (size before relaxing)
 .comment       0x0000004d       0x4e build/stm32f4xx_it.o
 .comment       0x0000004d       0x4e build/stm32f4xx_hal_msp.o
 .comment       0x0000004d       0x4e build/usb_host.o
 .comment       0x0000004d       0x4e build/usbh_conf.o
 .comment       0x0000004d       0x4e build/usbh_platform.o
 .comment       0x0000004d       0x4e build/stm32f4xx_hal_hcd.o
 .comment       0x0000004d       0x4e build/stm32f4xx_ll_usb.o
 .comment       0x0000004d       0x4e build/stm32f4xx_hal_rcc.o
 .comment       0x0000004d       0x4e build/stm32f4xx_hal_rcc_ex.o
 .comment       0x0000004d       0x4e build/stm32f4xx_hal_gpio.o
 .comment       0x0000004d       0x4e build/stm32f4xx_hal_cortex.o
 .comment       0x0000004d       0x4e build/stm32f4xx_hal.o
 .comment       0x0000004d       0x4e build/stm32f4xx_hal_i2c.o
 .comment       0x0000004d       0x4e build/stm32f4xx_hal_i2s.o
 .comment       0x0000004d       0x4e build/stm32f4xx_hal_i2s_ex.o
 .comment       0x0000004d       0x4e build/stm32f4xx_hal_spi.o
 .comment       0x0000004d       0x4e build/system_stm32f4xx.o
 .comment       0x0000004d       0x4e build/usbh_core.o
 .comment       0x0000004d       0x4e build/usbh_ctlreq.o
 .comment       0x0000004d       0x4e build/usbh_ioreq.o
 .comment       0x0000004d       0x4e build/usbh_pipes.o
 .comment       0x0000004d       0x4e build/usbh_cdc.o

.debug_frame    0x00000000     0x2ffc
 .debug_frame   0x00000000       0xcc build/main.o
 .debug_frame   0x000000cc       0xc0 build/stm32f4xx_it.o
 .debug_frame   0x0000018c       0xdc build/stm32f4xx_hal_msp.o
 .debug_frame   0x00000268       0x50 build/usb_host.o
 .debug_frame   0x000002b8      0x24c build/usbh_conf.o
 .debug_frame   0x00000504       0x28 build/usbh_platform.o
 .debug_frame   0x0000052c      0x2a8 build/stm32f4xx_hal_hcd.o
 .debug_frame   0x000007d4      0x444 build/stm32f4xx_ll_usb.o
 .debug_frame   0x00000c18      0x16c build/stm32f4xx_hal_rcc.o
 .debug_frame   0x00000d84       0xa4 build/stm32f4xx_hal_rcc_ex.o
 .debug_frame   0x00000e28       0xd8 build/stm32f4xx_hal_gpio.o
 .debug_frame   0x00000f00      0x148 build/stm32f4xx_hal_cortex.o
 .debug_frame   0x00001048      0x1ec build/stm32f4xx_hal.o
 .debug_frame   0x00001234      0x968 build/stm32f4xx_hal_i2c.o
 .debug_frame   0x00001b9c      0x324 build/stm32f4xx_hal_i2s.o
 .debug_frame   0x00001ec0      0x184 build/stm32f4xx_hal_i2s_ex.o
 .debug_frame   0x00002044      0x5a4 build/stm32f4xx_hal_spi.o
 .debug_frame   0x000025e8       0x30 build/system_stm32f4xx.o
 .debug_frame   0x00002618      0x1e8 build/usbh_core.o
 .debug_frame   0x00002800      0x1cc build/usbh_ctlreq.o
 .debug_frame   0x000029cc      0x130 build/usbh_ioreq.o
 .debug_frame   0x00002afc       0x84 build/usbh_pipes.o
 .debug_frame   0x00002b80      0x1b0 build/usbh_cdc.o
 .debug_frame   0x00002d30       0x2c c:/program files (x86)/gnu arm embedded toolchain/10 2020-q4-major/bin/../lib/gcc/arm-none-eabi/10.2.1/../../../../arm-none-eabi/lib/thumb/v7e-m+fp/hard\libc_nano.a(lib_a-init.o)
 .debug_frame   0x00002d5c       0x30 c:/program files (x86)/gnu arm embedded toolchain/10 2020-q4-major/bin/../lib/gcc/arm-none-eabi/10.2.1/../../../../arm-none-eabi/lib/thumb/v7e-m+fp/hard\libc_nano.a(lib_a-malloc.o)
 .debug_frame   0x00002d8c       0x20 c:/program files (x86)/gnu arm embedded toolchain/10 2020-q4-major/bin/../lib/gcc/arm-none-eabi/10.2.1/../../../../arm-none-eabi/lib/thumb/v7e-m+fp/hard\libc_nano.a(lib_a-memset.o)
 .debug_frame   0x00002dac       0x38 c:/program files (x86)/gnu arm embedded toolchain/10 2020-q4-major/bin/../lib/gcc/arm-none-eabi/10.2.1/../../../../arm-none-eabi/lib/thumb/v7e-m+fp/hard\libc_nano.a(lib_a-nano-freer.o)
 .debug_frame   0x00002de4       0x30 c:/program files (x86)/gnu arm embedded toolchain/10 2020-q4-major/bin/../lib/gcc/arm-none-eabi/10.2.1/../../../../arm-none-eabi/lib/thumb/v7e-m+fp/hard\libc_nano.a(lib_a-nano-mallocr.o)
 .debug_frame   0x00002e14       0x2c c:/program files (x86)/gnu arm embedded toolchain/10 2020-q4-major/bin/../lib/gcc/arm-none-eabi/10.2.1/../../../../arm-none-eabi/lib/thumb/v7e-m+fp/hard\libc_nano.a(lib_a-sbrkr.o)
 .debug_frame   0x00002e40       0x30 c:/program files (x86)/gnu arm embedded toolchain/10 2020-q4-major/bin/../lib/gcc/arm-none-eabi/10.2.1/../../../../arm-none-eabi/lib/thumb/v7e-m+fp/hard\libc_nano.a(lib_a-mlock.o)
 .debug_frame   0x00002e70       0x5c c:/program files (x86)/gnu arm embedded toolchain/10 2020-q4-major/bin/../lib/gcc/arm-none-eabi/10.2.1/../../../../arm-none-eabi/lib/thumb/v7e-m+fp/hard\libc_nano.a(lib_a-reent.o)
 .debug_frame   0x00002ecc       0xb0 c:/program files (x86)/gnu arm embedded toolchain/10 2020-q4-major/bin/../lib/gcc/arm-none-eabi/10.2.1/../../../../arm-none-eabi/lib/thumb/v7e-m+fp/hard\libc_nano.a(lib_a-lock.o)
 .debug_frame   0x00002f7c       0x20 c:/program files (x86)/gnu arm embedded toolchain/10 2020-q4-major/bin/../lib/gcc/arm-none-eabi/10.2.1/../../../../arm-none-eabi/lib/thumb/v7e-m+fp/hard\libnosys.a(sbrk.o)
 .debug_frame   0x00002f9c       0x2c c:/program files (x86)/gnu arm embedded toolchain/10 2020-q4-major/bin/../lib/gcc/arm-none-eabi/10.2.1/thumb/v7e-m+fp/hard\libgcc.a(_aeabi_uldivmod.o)
 .debug_frame   0x00002fc8       0x34 c:/program files (x86)/gnu arm embedded toolchain/10 2020-q4-major/bin/../lib/gcc/arm-none-eabi/10.2.1/thumb/v7e-m+fp/hard\libgcc.a(_udivmoddi4.o)

Cross Reference Table

Symbol                                            File
ADC_IRQHandler                                    build/startup_stm32f407xx.o
AHBPrescTable                                     build/system_stm32f4xx.o
                                                  build/stm32f4xx_hal_rcc.o
APBPrescTable                                     build/system_stm32f4xx.o
                                                  build/stm32f4xx_hal_rcc.o
Appli_state                                       build/usb_host.o
BusFault_Handler                                  build/stm32f4xx_it.o
CAN1_RX0_IRQHandler                               build/startup_stm32f407xx.o
CAN1_RX1_IRQHandler                               build/startup_stm32f407xx.o
CAN1_SCE_IRQHandler                               build/startup_stm32f407xx.o
CAN1_TX_IRQHandler                                build/startup_stm32f407xx.o
CAN2_RX0_IRQHandler                               build/startup_stm32f407xx.o
CAN2_RX1_IRQHandler                               build/startup_stm32f407xx.o
CAN2_SCE_IRQHandler                               build/startup_stm32f407xx.o
CAN2_TX_IRQHandler                                build/startup_stm32f407xx.o
CDC_Class                                         build/usbh_cdc.o
                                                  build/usb_host.o
DCMI_IRQHandler                                   build/startup_stm32f407xx.o
DMA1_Stream0_IRQHandler                           build/startup_stm32f407xx.o
DMA1_Stream1_IRQHandler                           build/startup_stm32f407xx.o
DMA1_Stream2_IRQHandler                           build/startup_stm32f407xx.o
DMA1_Stream3_IRQHandler                           build/startup_stm32f407xx.o
DMA1_Stream4_IRQHandler                           build/startup_stm32f407xx.o
DMA1_Stream5_IRQHandler                           build/startup_stm32f407xx.o
DMA1_Stream6_IRQHandler                           build/startup_stm32f407xx.o
DMA1_Stream7_IRQHandler                           build/startup_stm32f407xx.o
DMA2_Stream0_IRQHandler                           build/startup_stm32f407xx.o
DMA2_Stream1_IRQHandler                           build/startup_stm32f407xx.o
DMA2_Stream2_IRQHandler                           build/startup_stm32f407xx.o
DMA2_Stream3_IRQHandler                           build/startup_stm32f407xx.o
DMA2_Stream4_IRQHandler                           build/startup_stm32f407xx.o
DMA2_Stream5_IRQHandler                           build/startup_stm32f407xx.o
DMA2_Stream6_IRQHandler                           build/startup_stm32f407xx.o
DMA2_Stream7_IRQHandler                           build/startup_stm32f407xx.o
DebugMon_Handler                                  build/stm32f4xx_it.o
Default_Handler                                   build/startup_stm32f407xx.o
ETH_IRQHandler                                    build/startup_stm32f407xx.o
ETH_WKUP_IRQHandler                               build/startup_stm32f407xx.o
EXTI0_IRQHandler                                  build/startup_stm32f407xx.o
EXTI15_10_IRQHandler                              build/startup_stm32f407xx.o
EXTI1_IRQHandler                                  build/startup_stm32f407xx.o
EXTI2_IRQHandler                                  build/startup_stm32f407xx.o
EXTI3_IRQHandler                                  build/startup_stm32f407xx.o
EXTI4_IRQHandler                                  build/startup_stm32f407xx.o
EXTI9_5_IRQHandler                                build/startup_stm32f407xx.o
Error_Handler                                     build/main.o
                                                  build/usbh_conf.o
                                                  build/usb_host.o
FLASH_Erase_Sector                                build/stm32f4xx_hal_flash_ex.o
                                                  build/stm32f4xx_hal_flash.o
FLASH_FlushCaches                                 build/stm32f4xx_hal_flash_ex.o
                                                  build/stm32f4xx_hal_flash.o
FLASH_IRQHandler                                  build/startup_stm32f407xx.o
FLASH_WaitForLastOperation                        build/stm32f4xx_hal_flash.o
                                                  build/stm32f4xx_hal_flash_ex.o
FPU_IRQHandler                                    build/startup_stm32f407xx.o
FSMC_IRQHandler                                   build/startup_stm32f407xx.o
HAL_DBGMCU_DisableDBGSleepMode                    build/stm32f4xx_hal.o
HAL_DBGMCU_DisableDBGStandbyMode                  build/stm32f4xx_hal.o
HAL_DBGMCU_DisableDBGStopMode                     build/stm32f4xx_hal.o
HAL_DBGMCU_EnableDBGSleepMode                     build/stm32f4xx_hal.o
HAL_DBGMCU_EnableDBGStandbyMode                   build/stm32f4xx_hal.o
HAL_DBGMCU_EnableDBGStopMode                      build/stm32f4xx_hal.o
HAL_DMAEx_ChangeMemory                            build/stm32f4xx_hal_dma_ex.o
HAL_DMAEx_MultiBufferStart                        build/stm32f4xx_hal_dma_ex.o
HAL_DMAEx_MultiBufferStart_IT                     build/stm32f4xx_hal_dma_ex.o
HAL_DMA_Abort                                     build/stm32f4xx_hal_dma.o
                                                  build/stm32f4xx_hal_spi.o
                                                  build/stm32f4xx_hal_i2s.o
HAL_DMA_Abort_IT                                  build/stm32f4xx_hal_dma.o
                                                  build/stm32f4xx_hal_spi.o
                                                  build/stm32f4xx_hal_i2c.o
HAL_DMA_DeInit                                    build/stm32f4xx_hal_dma.o
HAL_DMA_GetError                                  build/stm32f4xx_hal_dma.o
                                                  build/stm32f4xx_hal_i2c.o
HAL_DMA_GetState                                  build/stm32f4xx_hal_dma.o
                                                  build/stm32f4xx_hal_i2c.o
HAL_DMA_IRQHandler                                build/stm32f4xx_hal_dma.o
HAL_DMA_Init                                      build/stm32f4xx_hal_dma.o
HAL_DMA_PollForTransfer                           build/stm32f4xx_hal_dma.o
HAL_DMA_RegisterCallback                          build/stm32f4xx_hal_dma.o
HAL_DMA_Start                                     build/stm32f4xx_hal_dma.o
HAL_DMA_Start_IT                                  build/stm32f4xx_hal_dma.o
                                                  build/stm32f4xx_hal_spi.o
                                                  build/stm32f4xx_hal_i2s_ex.o
                                                  build/stm32f4xx_hal_i2s.o
                                                  build/stm32f4xx_hal_i2c.o
HAL_DMA_UnRegisterCallback                        build/stm32f4xx_hal_dma.o
HAL_DeInit                                        build/stm32f4xx_hal.o
HAL_Delay                                         build/stm32f4xx_hal.o
                                                  build/stm32f4xx_ll_usb.o
                                                  build/usbh_conf.o
                                                  build/main.o
HAL_DisableCompensationCell                       build/stm32f4xx_hal.o
HAL_EXTI_ClearConfigLine                          build/stm32f4xx_hal_exti.o
HAL_EXTI_ClearPending                             build/stm32f4xx_hal_exti.o
HAL_EXTI_GenerateSWI                              build/stm32f4xx_hal_exti.o
HAL_EXTI_GetConfigLine                            build/stm32f4xx_hal_exti.o
HAL_EXTI_GetHandle                                build/stm32f4xx_hal_exti.o
HAL_EXTI_GetPending                               build/stm32f4xx_hal_exti.o
HAL_EXTI_IRQHandler                               build/stm32f4xx_hal_exti.o
HAL_EXTI_RegisterCallback                         build/stm32f4xx_hal_exti.o
HAL_EXTI_SetConfigLine                            build/stm32f4xx_hal_exti.o
HAL_EnableCompensationCell                        build/stm32f4xx_hal.o
HAL_FLASHEx_Erase                                 build/stm32f4xx_hal_flash_ex.o
HAL_FLASHEx_Erase_IT                              build/stm32f4xx_hal_flash_ex.o
HAL_FLASHEx_OBGetConfig                           build/stm32f4xx_hal_flash_ex.o
HAL_FLASHEx_OBProgram                             build/stm32f4xx_hal_flash_ex.o
HAL_FLASH_EndOfOperationCallback                  build/stm32f4xx_hal_flash.o
HAL_FLASH_GetError                                build/stm32f4xx_hal_flash.o
HAL_FLASH_IRQHandler                              build/stm32f4xx_hal_flash.o
HAL_FLASH_Lock                                    build/stm32f4xx_hal_flash.o
HAL_FLASH_OB_Launch                               build/stm32f4xx_hal_flash.o
HAL_FLASH_OB_Lock                                 build/stm32f4xx_hal_flash.o
HAL_FLASH_OB_Unlock                               build/stm32f4xx_hal_flash.o
HAL_FLASH_OperationErrorCallback                  build/stm32f4xx_hal_flash.o
HAL_FLASH_Program                                 build/stm32f4xx_hal_flash.o
HAL_FLASH_Program_IT                              build/stm32f4xx_hal_flash.o
HAL_FLASH_Unlock                                  build/stm32f4xx_hal_flash.o
HAL_GPIO_DeInit                                   build/stm32f4xx_hal_gpio.o
                                                  build/usbh_conf.o
                                                  build/stm32f4xx_hal_msp.o
HAL_GPIO_EXTI_Callback                            build/stm32f4xx_hal_gpio.o
HAL_GPIO_EXTI_IRQHandler                          build/stm32f4xx_hal_gpio.o
HAL_GPIO_Init                                     build/stm32f4xx_hal_gpio.o
                                                  build/stm32f4xx_hal_rcc.o
                                                  build/usbh_conf.o
                                                  build/stm32f4xx_hal_msp.o
                                                  build/main.o
HAL_GPIO_LockPin                                  build/stm32f4xx_hal_gpio.o
HAL_GPIO_ReadPin                                  build/stm32f4xx_hal_gpio.o
HAL_GPIO_TogglePin                                build/stm32f4xx_hal_gpio.o
                                                  build/main.o
HAL_GPIO_WritePin                                 build/stm32f4xx_hal_gpio.o
                                                  build/usbh_platform.o
                                                  build/main.o
HAL_GetDEVID                                      build/stm32f4xx_hal.o
HAL_GetHalVersion                                 build/stm32f4xx_hal.o
HAL_GetREVID                                      build/stm32f4xx_hal.o
HAL_GetTick                                       build/stm32f4xx_hal.o
                                                  build/stm32f4xx_hal_spi.o
                                                  build/stm32f4xx_hal_i2s_ex.o
                                                  build/stm32f4xx_hal_i2s.o
                                                  build/stm32f4xx_hal_i2c.o
                                                  build/stm32f4xx_hal_pwr_ex.o
                                                  build/stm32f4xx_hal_dma.o
                                                  build/stm32f4xx_hal_flash.o
                                                  build/stm32f4xx_hal_rcc_ex.o
                                                  build/stm32f4xx_hal_rcc.o
HAL_GetTickFreq                                   build/stm32f4xx_hal.o
HAL_GetTickPrio                                   build/stm32f4xx_hal.o
HAL_GetUIDw0                                      build/stm32f4xx_hal.o
HAL_GetUIDw1                                      build/stm32f4xx_hal.o
HAL_GetUIDw2                                      build/stm32f4xx_hal.o
HAL_HCD_Connect_Callback                          build/usbh_conf.o
HAL_HCD_DeInit                                    build/stm32f4xx_hal_hcd.o
                                                  build/usbh_conf.o
HAL_HCD_Disconnect_Callback                       build/usbh_conf.o
HAL_HCD_GetCurrentFrame                           build/stm32f4xx_hal_hcd.o
                                                  build/usbh_conf.o
HAL_HCD_GetCurrentSpeed                           build/stm32f4xx_hal_hcd.o
                                                  build/usbh_conf.o
HAL_HCD_GetState                                  build/stm32f4xx_hal_hcd.o
HAL_HCD_HC_GetState                               build/stm32f4xx_hal_hcd.o
HAL_HCD_HC_GetURBState                            build/stm32f4xx_hal_hcd.o
                                                  build/usbh_conf.o
HAL_HCD_HC_GetXferCount                           build/stm32f4xx_hal_hcd.o
                                                  build/usbh_conf.o
HAL_HCD_HC_Halt                                   build/stm32f4xx_hal_hcd.o
                                                  build/usbh_conf.o
HAL_HCD_HC_Init                                   build/stm32f4xx_hal_hcd.o
                                                  build/usbh_conf.o
HAL_HCD_HC_NotifyURBChange_Callback               build/usbh_conf.o
HAL_HCD_HC_SubmitRequest                          build/stm32f4xx_hal_hcd.o
                                                  build/usbh_conf.o
HAL_HCD_IRQHandler                                build/stm32f4xx_hal_hcd.o
                                                  build/stm32f4xx_it.o
HAL_HCD_Init                                      build/stm32f4xx_hal_hcd.o
                                                  build/usbh_conf.o
HAL_HCD_MspDeInit                                 build/usbh_conf.o
HAL_HCD_MspInit                                   build/usbh_conf.o
HAL_HCD_PortDisabled_Callback                     build/usbh_conf.o
HAL_HCD_PortEnabled_Callback                      build/usbh_conf.o
HAL_HCD_ResetPort                                 build/stm32f4xx_hal_hcd.o
                                                  build/usbh_conf.o
HAL_HCD_SOF_Callback                              build/usbh_conf.o
HAL_HCD_Start                                     build/stm32f4xx_hal_hcd.o
                                                  build/usbh_conf.o
HAL_HCD_Stop                                      build/stm32f4xx_hal_hcd.o
                                                  build/usbh_conf.o
HAL_HCD_WKUP_IRQHandler                           build/stm32f4xx_hal_hcd.o
HAL_I2C_AbortCpltCallback                         build/stm32f4xx_hal_i2c.o
HAL_I2C_AddrCallback                              build/stm32f4xx_hal_i2c.o
HAL_I2C_DeInit                                    build/stm32f4xx_hal_i2c.o
HAL_I2C_DisableListen_IT                          build/stm32f4xx_hal_i2c.o
HAL_I2C_ER_IRQHandler                             build/stm32f4xx_hal_i2c.o
HAL_I2C_EV_IRQHandler                             build/stm32f4xx_hal_i2c.o
HAL_I2C_EnableListen_IT                           build/stm32f4xx_hal_i2c.o
HAL_I2C_ErrorCallback                             build/stm32f4xx_hal_i2c.o
HAL_I2C_GetError                                  build/stm32f4xx_hal_i2c.o
HAL_I2C_GetMode                                   build/stm32f4xx_hal_i2c.o
HAL_I2C_GetState                                  build/stm32f4xx_hal_i2c.o
HAL_I2C_Init                                      build/stm32f4xx_hal_i2c.o
                                                  build/main.o
HAL_I2C_IsDeviceReady                             build/stm32f4xx_hal_i2c.o
HAL_I2C_ListenCpltCallback                        build/stm32f4xx_hal_i2c.o
HAL_I2C_MasterRxCpltCallback                      build/stm32f4xx_hal_i2c.o
HAL_I2C_MasterTxCpltCallback                      build/stm32f4xx_hal_i2c.o
HAL_I2C_Master_Abort_IT                           build/stm32f4xx_hal_i2c.o
HAL_I2C_Master_Receive                            build/stm32f4xx_hal_i2c.o
HAL_I2C_Master_Receive_DMA                        build/stm32f4xx_hal_i2c.o
HAL_I2C_Master_Receive_IT                         build/stm32f4xx_hal_i2c.o
HAL_I2C_Master_Seq_Receive_DMA                    build/stm32f4xx_hal_i2c.o
HAL_I2C_Master_Seq_Receive_IT                     build/stm32f4xx_hal_i2c.o
HAL_I2C_Master_Seq_Transmit_DMA                   build/stm32f4xx_hal_i2c.o
HAL_I2C_Master_Seq_Transmit_IT                    build/stm32f4xx_hal_i2c.o
HAL_I2C_Master_Transmit                           build/stm32f4xx_hal_i2c.o
HAL_I2C_Master_Transmit_DMA                       build/stm32f4xx_hal_i2c.o
HAL_I2C_Master_Transmit_IT                        build/stm32f4xx_hal_i2c.o
HAL_I2C_MemRxCpltCallback                         build/stm32f4xx_hal_i2c.o
HAL_I2C_MemTxCpltCallback                         build/stm32f4xx_hal_i2c.o
HAL_I2C_Mem_Read                                  build/stm32f4xx_hal_i2c.o
HAL_I2C_Mem_Read_DMA                              build/stm32f4xx_hal_i2c.o
HAL_I2C_Mem_Read_IT                               build/stm32f4xx_hal_i2c.o
HAL_I2C_Mem_Write                                 build/stm32f4xx_hal_i2c.o
HAL_I2C_Mem_Write_DMA                             build/stm32f4xx_hal_i2c.o
HAL_I2C_Mem_Write_IT                              build/stm32f4xx_hal_i2c.o
HAL_I2C_MspDeInit                                 build/stm32f4xx_hal_msp.o
HAL_I2C_MspInit                                   build/stm32f4xx_hal_msp.o
HAL_I2C_SlaveRxCpltCallback                       build/stm32f4xx_hal_i2c.o
HAL_I2C_SlaveTxCpltCallback                       build/stm32f4xx_hal_i2c.o
HAL_I2C_Slave_Receive                             build/stm32f4xx_hal_i2c.o
HAL_I2C_Slave_Receive_DMA                         build/stm32f4xx_hal_i2c.o
HAL_I2C_Slave_Receive_IT                          build/stm32f4xx_hal_i2c.o
HAL_I2C_Slave_Seq_Receive_DMA                     build/stm32f4xx_hal_i2c.o
HAL_I2C_Slave_Seq_Receive_IT                      build/stm32f4xx_hal_i2c.o
HAL_I2C_Slave_Seq_Transmit_DMA                    build/stm32f4xx_hal_i2c.o
HAL_I2C_Slave_Seq_Transmit_IT                     build/stm32f4xx_hal_i2c.o
HAL_I2C_Slave_Transmit                            build/stm32f4xx_hal_i2c.o
HAL_I2C_Slave_Transmit_DMA                        build/stm32f4xx_hal_i2c.o
HAL_I2C_Slave_Transmit_IT                         build/stm32f4xx_hal_i2c.o
HAL_I2SEx_FullDuplex_IRQHandler                   build/stm32f4xx_hal_i2s_ex.o
                                                  build/stm32f4xx_hal_i2s.o
HAL_I2SEx_TransmitReceive                         build/stm32f4xx_hal_i2s_ex.o
HAL_I2SEx_TransmitReceive_DMA                     build/stm32f4xx_hal_i2s_ex.o
HAL_I2SEx_TransmitReceive_IT                      build/stm32f4xx_hal_i2s_ex.o
HAL_I2SEx_TxRxCpltCallback                        build/stm32f4xx_hal_i2s_ex.o
HAL_I2SEx_TxRxHalfCpltCallback                    build/stm32f4xx_hal_i2s_ex.o
HAL_I2S_DMAPause                                  build/stm32f4xx_hal_i2s.o
HAL_I2S_DMAResume                                 build/stm32f4xx_hal_i2s.o
HAL_I2S_DMAStop                                   build/stm32f4xx_hal_i2s.o
HAL_I2S_DeInit                                    build/stm32f4xx_hal_i2s.o
HAL_I2S_ErrorCallback                             build/stm32f4xx_hal_i2s.o
                                                  build/stm32f4xx_hal_i2s_ex.o
HAL_I2S_GetError                                  build/stm32f4xx_hal_i2s.o
HAL_I2S_GetState                                  build/stm32f4xx_hal_i2s.o
HAL_I2S_IRQHandler                                build/stm32f4xx_hal_i2s.o
HAL_I2S_Init                                      build/stm32f4xx_hal_i2s.o
                                                  build/main.o
HAL_I2S_MspDeInit                                 build/stm32f4xx_hal_msp.o
HAL_I2S_MspInit                                   build/stm32f4xx_hal_msp.o
HAL_I2S_Receive                                   build/stm32f4xx_hal_i2s.o
HAL_I2S_Receive_DMA                               build/stm32f4xx_hal_i2s.o
HAL_I2S_Receive_IT                                build/stm32f4xx_hal_i2s.o
HAL_I2S_RxCpltCallback                            build/stm32f4xx_hal_i2s.o
HAL_I2S_RxHalfCpltCallback                        build/stm32f4xx_hal_i2s.o
HAL_I2S_Transmit                                  build/stm32f4xx_hal_i2s.o
HAL_I2S_Transmit_DMA                              build/stm32f4xx_hal_i2s.o
HAL_I2S_Transmit_IT                               build/stm32f4xx_hal_i2s.o
HAL_I2S_TxCpltCallback                            build/stm32f4xx_hal_i2s.o
HAL_I2S_TxHalfCpltCallback                        build/stm32f4xx_hal_i2s.o
HAL_IncTick                                       build/stm32f4xx_hal.o
                                                  build/stm32f4xx_it.o
HAL_Init                                          build/stm32f4xx_hal.o
                                                  build/main.o
HAL_InitTick                                      build/stm32f4xx_hal.o
                                                  build/stm32f4xx_hal_rcc_ex.o
                                                  build/stm32f4xx_hal_rcc.o
HAL_MPU_ConfigRegion                              build/stm32f4xx_hal_cortex.o
HAL_MPU_Disable                                   build/stm32f4xx_hal_cortex.o
HAL_MPU_Enable                                    build/stm32f4xx_hal_cortex.o
HAL_MspDeInit                                     build/stm32f4xx_hal.o
HAL_MspInit                                       build/stm32f4xx_hal_msp.o
HAL_NVIC_ClearPendingIRQ                          build/stm32f4xx_hal_cortex.o
HAL_NVIC_DisableIRQ                               build/stm32f4xx_hal_cortex.o
                                                  build/usbh_conf.o
HAL_NVIC_EnableIRQ                                build/stm32f4xx_hal_cortex.o
                                                  build/usbh_conf.o
HAL_NVIC_GetActive                                build/stm32f4xx_hal_cortex.o
HAL_NVIC_GetPendingIRQ                            build/stm32f4xx_hal_cortex.o
HAL_NVIC_GetPriority                              build/stm32f4xx_hal_cortex.o
HAL_NVIC_GetPriorityGrouping                      build/stm32f4xx_hal_cortex.o
HAL_NVIC_SetPendingIRQ                            build/stm32f4xx_hal_cortex.o
HAL_NVIC_SetPriority                              build/stm32f4xx_hal_cortex.o
                                                  build/stm32f4xx_hal.o
                                                  build/usbh_conf.o
HAL_NVIC_SetPriorityGrouping                      build/stm32f4xx_hal_cortex.o
                                                  build/stm32f4xx_hal.o
                                                  build/stm32f4xx_hal_msp.o
HAL_NVIC_SystemReset                              build/stm32f4xx_hal_cortex.o
HAL_PWREx_ControlVoltageScaling                   build/stm32f4xx_hal_pwr_ex.o
HAL_PWREx_DisableBkUpReg                          build/stm32f4xx_hal_pwr_ex.o
HAL_PWREx_DisableFlashPowerDown                   build/stm32f4xx_hal_pwr_ex.o
HAL_PWREx_EnableBkUpReg                           build/stm32f4xx_hal_pwr_ex.o
HAL_PWREx_EnableFlashPowerDown                    build/stm32f4xx_hal_pwr_ex.o
HAL_PWREx_GetVoltageRange                         build/stm32f4xx_hal_pwr_ex.o
HAL_PWR_ConfigPVD                                 build/stm32f4xx_hal_pwr.o
HAL_PWR_DeInit                                    build/stm32f4xx_hal_pwr.o
HAL_PWR_DisableBkUpAccess                         build/stm32f4xx_hal_pwr.o
HAL_PWR_DisablePVD                                build/stm32f4xx_hal_pwr.o
HAL_PWR_DisableSEVOnPend                          build/stm32f4xx_hal_pwr.o
HAL_PWR_DisableSleepOnExit                        build/stm32f4xx_hal_pwr.o
HAL_PWR_DisableWakeUpPin                          build/stm32f4xx_hal_pwr.o
HAL_PWR_EnableBkUpAccess                          build/stm32f4xx_hal_pwr.o
HAL_PWR_EnablePVD                                 build/stm32f4xx_hal_pwr.o
HAL_PWR_EnableSEVOnPend                           build/stm32f4xx_hal_pwr.o
HAL_PWR_EnableSleepOnExit                         build/stm32f4xx_hal_pwr.o
HAL_PWR_EnableWakeUpPin                           build/stm32f4xx_hal_pwr.o
HAL_PWR_EnterSLEEPMode                            build/stm32f4xx_hal_pwr.o
HAL_PWR_EnterSTANDBYMode                          build/stm32f4xx_hal_pwr.o
HAL_PWR_EnterSTOPMode                             build/stm32f4xx_hal_pwr.o
HAL_PWR_PVDCallback                               build/stm32f4xx_hal_pwr.o
HAL_PWR_PVD_IRQHandler                            build/stm32f4xx_hal_pwr.o
HAL_RCCEx_DisablePLLI2S                           build/stm32f4xx_hal_rcc_ex.o
HAL_RCCEx_EnablePLLI2S                            build/stm32f4xx_hal_rcc_ex.o
HAL_RCCEx_GetPeriphCLKConfig                      build/stm32f4xx_hal_rcc_ex.o
HAL_RCCEx_GetPeriphCLKFreq                        build/stm32f4xx_hal_rcc_ex.o
                                                  build/stm32f4xx_hal_i2s.o
HAL_RCCEx_PeriphCLKConfig                         build/stm32f4xx_hal_rcc_ex.o